{"level":"error","message":"Failed to send layer activity: ","timestamp":"2025-04-18T11:10:27.535Z"}
{"level":"error","message":"Failed to send layer activity: ","timestamp":"2025-04-18T11:10:27.557Z"}
{"level":"error","message":"Failed to send layer activity: ","timestamp":"2025-04-18T11:10:27.589Z"}
{"level":"error","message":"Failed to send layer activity: ","timestamp":"2025-04-18T11:10:27.627Z"}
{"level":"error","message":"Failed to send database activity: ","timestamp":"2025-04-18T11:10:27.650Z"}
{"level":"error","message":"Failed to send layer activity: ","timestamp":"2025-04-18T11:10:27.931Z"}
{"level":"error","message":"Failed to send layer activity: ","timestamp":"2025-04-18T11:10:27.935Z"}
{"level":"error","message":"Failed to send layer activity: ","timestamp":"2025-04-18T11:10:27.941Z"}
{"level":"error","message":"Failed to send database activity: ","timestamp":"2025-04-18T11:10:27.949Z"}
{"level":"error","message":"Failed to send layer activity: ","timestamp":"2025-04-18T11:10:29.438Z"}
{"level":"error","message":"Failed to send layer activity: ","timestamp":"2025-04-18T11:10:29.663Z"}
{"level":"error","message":"Failed to send layer activity: ","timestamp":"2025-04-18T11:10:29.937Z"}
{"level":"error","message":"Failed to send layer activity: ","timestamp":"2025-04-18T11:10:30.160Z"}
{"level":"error","message":"Failed to send layer activity: ","timestamp":"2025-04-18T11:10:30.426Z"}
{"level":"error","message":"Failed to send layer activity: ","timestamp":"2025-04-18T11:10:30.663Z"}
{"level":"error","message":"Failed to send database activity: ","timestamp":"2025-04-18T11:10:30.931Z"}
{"level":"error","message":"Failed to send layer activity: ","timestamp":"2025-04-18T11:10:30.933Z"}
{"level":"error","message":"Failed to send database activity: ","timestamp":"2025-04-18T11:10:31.162Z"}
{"level":"error","message":"Failed to send layer activity: ","timestamp":"2025-04-18T11:10:31.163Z"}
{"level":"error","message":"Failed to send layer activity: ","timestamp":"2025-04-18T11:10:32.503Z"}
{"level":"error","message":"Failed to send layer activity: connect ECONNREFUSED ::1:3006","timestamp":"2025-04-18T16:09:34.666Z"}
{"level":"error","message":"Failed to send layer activity: connect ECONNREFUSED ::1:3006","timestamp":"2025-04-18T16:09:37.693Z"}
{"level":"error","message":"Failed to send layer activity: connect ECONNREFUSED ::1:3006","timestamp":"2025-04-18T16:14:26.195Z"}
{"level":"error","message":"Failed to send layer activity: connect ECONNREFUSED ::1:3006","timestamp":"2025-04-18T16:14:29.215Z"}
{"level":"error","message":"Failed to send layer activity: connect ECONNREFUSED ::1:3006","timestamp":"2025-04-18T16:14:29.322Z"}
{"level":"error","message":"Failed to send layer activity: connect ECONNREFUSED ::1:3006","timestamp":"2025-04-18T16:14:31.198Z"}
{"level":"error","message":"Failed to send layer activity: connect ECONNREFUSED ::1:3006","timestamp":"2025-04-18T16:14:31.524Z"}
{"level":"error","message":"Failed to send layer activity: connect ECONNREFUSED ::1:3006","timestamp":"2025-04-18T16:14:36.195Z"}
{"level":"error","message":"Failed to send layer activity: connect ECONNREFUSED ::1:3006","timestamp":"2025-04-18T16:22:51.007Z"}
{"level":"error","message":"Failed to send layer activity: connect ECONNREFUSED ::1:3006","timestamp":"2025-04-18T16:22:54.053Z"}
{"level":"error","message":"Failed to send layer activity: connect ECONNREFUSED ::1:3006","timestamp":"2025-04-18T16:22:54.062Z"}
{"level":"error","message":"Failed to send layer activity: connect ECONNREFUSED ::1:3006","timestamp":"2025-04-18T16:22:55.994Z"}
{"level":"error","message":"Failed to send layer activity: connect ECONNREFUSED ::1:3006","timestamp":"2025-04-18T16:25:14.358Z"}
{"level":"error","message":"Failed to send layer activity: connect ECONNREFUSED ::1:3006","timestamp":"2025-04-18T16:25:14.678Z"}
{"level":"error","message":"Failed to send layer activity: connect ECONNREFUSED ::1:3006","timestamp":"2025-04-18T16:25:14.684Z"}
{"level":"error","message":"Failed to send layer activity: connect ECONNREFUSED ::1:3006","timestamp":"2025-04-18T16:25:14.688Z"}
{"level":"error","message":"Failed to send database activity: connect ECONNREFUSED ::1:3006","timestamp":"2025-04-18T16:25:14.694Z"}
{"level":"error","message":"Failed to send layer activity: connect ECONNREFUSED ::1:3006","timestamp":"2025-04-18T16:25:17.386Z"}
{"level":"error","message":"Failed to send layer activity: connect ECONNREFUSED ::1:3006","timestamp":"2025-04-18T16:25:17.434Z"}
{"level":"error","message":"Failed to send layer activity: connect ECONNREFUSED ::1:3006","timestamp":"2025-04-18T16:25:17.702Z"}
{"level":"error","message":"Failed to send layer activity: connect ECONNREFUSED ::1:3006","timestamp":"2025-04-18T16:25:19.353Z"}
{"level":"error","message":"Failed to send layer activity: connect ECONNREFUSED ::1:3006","timestamp":"2025-04-18T16:25:24.352Z"}
{"level":"error","message":"Failed to send layer activity: connect ECONNREFUSED ::1:3006","timestamp":"2025-04-18T16:25:26.227Z"}
{"level":"error","message":"Failed to send layer activity: connect ECONNREFUSED ::1:3006","timestamp":"2025-04-18T16:25:26.721Z"}
{"level":"error","message":"Failed to send layer activity: connect ECONNREFUSED ::1:3006","timestamp":"2025-04-18T16:25:27.232Z"}
{"level":"error","message":"Failed to send database activity: connect ECONNREFUSED ::1:3006","timestamp":"2025-04-18T16:25:27.730Z"}
{"level":"error","message":"Failed to send layer activity: connect ECONNREFUSED ::1:3006","timestamp":"2025-04-18T16:25:27.732Z"}
{"level":"error","message":"Failed to send layer activity: connect ECONNREFUSED ::1:3006","timestamp":"2025-04-18T16:25:29.342Z"}
{"level":"error","message":"Failed to send layer activity: connect ECONNREFUSED ::1:3006","timestamp":"2025-04-18T16:28:46.097Z"}
{"level":"error","message":"Failed to send layer activity: connect ECONNREFUSED ::1:3006","timestamp":"2025-04-18T16:28:46.359Z"}
{"level":"error","message":"Failed to send layer activity: connect ECONNREFUSED ::1:3006","timestamp":"2025-04-18T16:28:46.362Z"}
{"level":"error","message":"Failed to send layer activity: connect ECONNREFUSED ::1:3006","timestamp":"2025-04-18T16:28:46.366Z"}
{"level":"error","message":"Failed to send database activity: connect ECONNREFUSED ::1:3006","timestamp":"2025-04-18T16:28:46.370Z"}
{"level":"error","message":"Failed to send layer activity: connect ECONNREFUSED ::1:3006","timestamp":"2025-04-18T16:28:49.123Z"}
{"level":"error","message":"Failed to send layer activity: connect ECONNREFUSED ::1:3006","timestamp":"2025-04-18T16:28:49.154Z"}
{"level":"error","message":"Failed to send layer activity: connect ECONNREFUSED ::1:3006","timestamp":"2025-04-18T16:28:51.091Z"}
{"level":"error","message":"Failed to send layer activity: connect ECONNREFUSED ::1:3006","timestamp":"2025-04-18T16:28:56.089Z"}
{"level":"error","message":"Failed to send layer activity: connect ECONNREFUSED ::1:3006","timestamp":"2025-04-18T16:28:57.298Z"}
{"level":"error","message":"Failed to send layer activity: connect ECONNREFUSED ::1:3006","timestamp":"2025-04-18T16:28:57.902Z"}
{"level":"error","message":"Failed to send layer activity: connect ECONNREFUSED ::1:3006","timestamp":"2025-04-18T16:28:58.398Z"}
{"level":"error","message":"Failed to send layer activity: connect ECONNREFUSED ::1:3006","timestamp":"2025-04-18T16:28:58.894Z"}
{"level":"error","message":"Failed to send database activity: connect ECONNREFUSED ::1:3006","timestamp":"2025-04-18T16:28:59.394Z"}
{"level":"error","message":"Failed to send layer activity: connect ECONNREFUSED ::1:3006","timestamp":"2025-04-18T16:28:59.395Z"}
{"level":"error","message":"Failed to send layer activity: connect ECONNREFUSED ::1:3006","timestamp":"2025-04-18T16:29:01.091Z"}
{"level":"error","message":"Failed to send layer activity: connect ECONNREFUSED ::1:3006","timestamp":"2025-04-18T16:31:06.971Z"}
{"level":"error","message":"Failed to send layer activity: connect ECONNREFUSED ::1:3006","timestamp":"2025-04-18T16:31:07.262Z"}
{"level":"error","message":"Failed to send layer activity: connect ECONNREFUSED ::1:3006","timestamp":"2025-04-18T16:31:07.266Z"}
{"level":"error","message":"Failed to send layer activity: connect ECONNREFUSED ::1:3006","timestamp":"2025-04-18T16:31:07.271Z"}
{"level":"error","message":"Failed to send database activity: connect ECONNREFUSED ::1:3006","timestamp":"2025-04-18T16:31:07.278Z"}
{"level":"error","message":"Failed to send layer activity: connect ECONNREFUSED ::1:3006","timestamp":"2025-04-18T16:31:09.990Z"}
{"level":"error","message":"Failed to send layer activity: connect ECONNREFUSED ::1:3006","timestamp":"2025-04-18T16:31:10.021Z"}
{"level":"error","message":"Failed to send layer activity: connect ECONNREFUSED ::1:3006","timestamp":"2025-04-18T16:31:10.311Z"}
{"level":"error","message":"Failed to send layer activity: connect ECONNREFUSED ::1:3006","timestamp":"2025-04-18T16:31:11.967Z"}
{"level":"error","message":"Failed to send layer activity: connect ECONNREFUSED ::1:3006","timestamp":"2025-04-18T16:31:16.974Z"}
{"level":"error","message":"Failed to send layer activity: connect ECONNREFUSED ::1:3006","timestamp":"2025-04-18T16:31:18.824Z"}
{"level":"error","message":"Failed to send layer activity: connect ECONNREFUSED ::1:3006","timestamp":"2025-04-18T16:31:19.323Z"}
{"level":"error","message":"Failed to send layer activity: connect ECONNREFUSED ::1:3006","timestamp":"2025-04-18T16:31:19.820Z"}
{"level":"error","message":"Failed to send database activity: connect ECONNREFUSED ::1:3006","timestamp":"2025-04-18T16:31:20.324Z"}
{"level":"error","message":"Failed to send layer activity: connect ECONNREFUSED ::1:3006","timestamp":"2025-04-18T16:31:20.326Z"}
{"level":"error","message":"Failed to send layer activity: connect ECONNREFUSED ::1:3006","timestamp":"2025-04-18T16:31:21.964Z"}
{"level":"error","message":"Failed to send layer activity: connect ECONNREFUSED ::1:3006","timestamp":"2025-04-18T16:34:13.020Z"}
{"level":"error","message":"Failed to send layer activity: connect ECONNREFUSED ::1:3006","timestamp":"2025-04-18T16:34:13.416Z"}
{"level":"error","message":"Failed to send layer activity: connect ECONNREFUSED ::1:3006","timestamp":"2025-04-18T16:34:13.419Z"}
{"level":"error","message":"Failed to send layer activity: connect ECONNREFUSED ::1:3006","timestamp":"2025-04-18T16:34:13.423Z"}
{"level":"error","message":"Failed to send database activity: connect ECONNREFUSED ::1:3006","timestamp":"2025-04-18T16:34:13.425Z"}
{"level":"error","message":"Failed to send layer activity: connect ECONNREFUSED ::1:3006","timestamp":"2025-04-18T16:34:16.042Z"}
{"level":"error","message":"Failed to send layer activity: connect ECONNREFUSED ::1:3006","timestamp":"2025-04-18T16:34:16.134Z"}
{"level":"error","message":"Failed to send layer activity: connect ECONNREFUSED ::1:3006","timestamp":"2025-04-18T16:34:18.009Z"}
{"level":"error","message":"Failed to send layer activity: connect ECONNREFUSED ::1:3006","timestamp":"2025-04-18T16:34:23.012Z"}
{"level":"error","message":"Failed to send layer activity: connect ECONNREFUSED ::1:3006","timestamp":"2025-04-18T16:34:24.956Z"}
{"level":"error","message":"Failed to send layer activity: connect ECONNREFUSED ::1:3006","timestamp":"2025-04-18T16:34:25.455Z"}
{"level":"error","message":"Failed to send layer activity: connect ECONNREFUSED ::1:3006","timestamp":"2025-04-18T16:34:25.965Z"}
{"level":"error","message":"Failed to send database activity: connect ECONNREFUSED ::1:3006","timestamp":"2025-04-18T16:34:26.459Z"}
{"level":"error","message":"Failed to send layer activity: connect ECONNREFUSED ::1:3006","timestamp":"2025-04-18T16:34:26.460Z"}
{"level":"error","message":"Failed to send layer activity: connect ECONNREFUSED ::1:3006","timestamp":"2025-04-18T17:40:21.321Z"}
{"level":"error","message":"Failed to send layer activity: connect ECONNREFUSED ::1:3006","timestamp":"2025-04-18T17:40:21.329Z"}
{"level":"error","message":"Failed to send layer activity: connect ECONNREFUSED ::1:3006","timestamp":"2025-04-18T17:40:21.332Z"}
{"level":"error","message":"Failed to send layer activity: connect ECONNREFUSED ::1:3006","timestamp":"2025-04-18T17:40:21.337Z"}
{"level":"error","message":"Failed to send database activity: connect ECONNREFUSED ::1:3006","timestamp":"2025-04-18T17:40:21.344Z"}
{"level":"error","message":"Failed to send layer activity: connect ECONNREFUSED ::1:3006","timestamp":"2025-04-18T17:40:31.393Z"}
{"level":"error","message":"Failed to send layer activity: connect ECONNREFUSED ::1:3006","timestamp":"2025-04-18T17:40:31.398Z"}
{"level":"error","message":"Failed to send layer activity: connect ECONNREFUSED ::1:3006","timestamp":"2025-04-18T17:40:31.403Z"}
{"level":"error","message":"Failed to send layer activity: connect ECONNREFUSED ::1:3006","timestamp":"2025-04-18T17:40:31.410Z"}
{"level":"error","message":"Failed to send database activity: connect ECONNREFUSED ::1:3006","timestamp":"2025-04-18T17:40:31.416Z"}
{"level":"error","message":"Failed to send layer activity: connect ECONNREFUSED ::1:3006","timestamp":"2025-04-18T17:40:32.887Z"}
{"level":"error","message":"Failed to send layer activity: connect ECONNREFUSED ::1:3006","timestamp":"2025-04-18T17:40:33.384Z"}
{"level":"error","message":"Failed to send layer activity: connect ECONNREFUSED ::1:3006","timestamp":"2025-04-18T17:40:33.884Z"}
{"level":"error","message":"Failed to send database activity: connect ECONNREFUSED ::1:3006","timestamp":"2025-04-18T17:40:34.381Z"}
{"level":"error","message":"Failed to send layer activity: connect ECONNREFUSED ::1:3006","timestamp":"2025-04-18T17:40:34.382Z"}
{"level":"error","message":"Failed to send layer activity: connect ECONNREFUSED ::1:3006","timestamp":"2025-04-18T17:40:42.937Z"}
{"level":"error","message":"Failed to send layer activity: connect ECONNREFUSED ::1:3006","timestamp":"2025-04-18T17:40:43.435Z"}
{"level":"error","message":"Failed to send layer activity: connect ECONNREFUSED ::1:3006","timestamp":"2025-04-18T17:40:43.935Z"}
{"level":"error","message":"Failed to send database activity: connect ECONNREFUSED ::1:3006","timestamp":"2025-04-18T17:40:44.440Z"}
{"level":"error","message":"Failed to send layer activity: connect ECONNREFUSED ::1:3006","timestamp":"2025-04-18T17:40:44.442Z"}
{"level":"error","message":"Failed to send layer activity: connect ECONNREFUSED ::1:3006","timestamp":"2025-04-18T17:49:31.983Z"}
{"level":"error","message":"Failed to send layer activity: connect ECONNREFUSED ::1:3006","timestamp":"2025-04-18T17:49:31.986Z"}
{"level":"error","message":"Failed to send layer activity: connect ECONNREFUSED ::1:3006","timestamp":"2025-04-18T17:49:32.006Z"}
{"level":"error","message":"Failed to send layer activity: connect ECONNREFUSED ::1:3006","timestamp":"2025-04-18T17:49:32.009Z"}
{"level":"error","message":"Failed to send database activity: connect ECONNREFUSED ::1:3006","timestamp":"2025-04-18T17:49:32.012Z"}
{"level":"error","message":"Failed to send layer activity: connect ECONNREFUSED ::1:3006","timestamp":"2025-04-18T17:49:42.049Z"}
{"level":"error","message":"Failed to send layer activity: connect ECONNREFUSED ::1:3006","timestamp":"2025-04-18T17:49:42.056Z"}
{"level":"error","message":"Failed to send layer activity: connect ECONNREFUSED ::1:3006","timestamp":"2025-04-18T17:49:42.063Z"}
{"level":"error","message":"Failed to send layer activity: connect ECONNREFUSED ::1:3006","timestamp":"2025-04-18T17:49:42.071Z"}
{"level":"error","message":"Failed to send database activity: connect ECONNREFUSED ::1:3006","timestamp":"2025-04-18T17:49:42.077Z"}
{"level":"error","message":"Failed to send layer activity: connect ECONNREFUSED ::1:3006","timestamp":"2025-04-18T17:49:43.545Z"}
{"level":"error","message":"Failed to send layer activity: connect ECONNREFUSED ::1:3006","timestamp":"2025-04-18T17:49:44.038Z"}
{"level":"error","message":"Failed to send layer activity: connect ECONNREFUSED ::1:3006","timestamp":"2025-04-18T17:49:44.554Z"}
{"level":"error","message":"Failed to send database activity: connect ECONNREFUSED ::1:3006","timestamp":"2025-04-18T17:49:45.051Z"}
{"level":"error","message":"Failed to send layer activity: connect ECONNREFUSED ::1:3006","timestamp":"2025-04-18T17:49:45.053Z"}
{"level":"error","message":"Failed to send layer activity: connect ECONNREFUSED ::1:3006","timestamp":"2025-04-18T17:49:53.617Z"}
{"level":"error","message":"Failed to send layer activity: connect ECONNREFUSED ::1:3006","timestamp":"2025-04-18T17:49:54.113Z"}
{"level":"error","message":"Failed to send layer activity: connect ECONNREFUSED ::1:3006","timestamp":"2025-04-18T17:49:54.605Z"}
{"level":"error","message":"Failed to send database activity: connect ECONNREFUSED ::1:3006","timestamp":"2025-04-18T17:49:55.106Z"}
{"level":"error","message":"Failed to send layer activity: connect ECONNREFUSED ::1:3006","timestamp":"2025-04-18T17:49:55.109Z"}
{"level":"error","message":"Failed to send layer activity: connect ECONNREFUSED ::1:3006","timestamp":"2025-04-18T19:07:08.876Z"}
{"level":"error","message":"Failed to send layer activity: connect ECONNREFUSED ::1:3006","timestamp":"2025-04-18T19:07:08.879Z"}
{"level":"error","message":"Failed to send layer activity: connect ECONNREFUSED ::1:3006","timestamp":"2025-04-18T19:07:08.885Z"}
{"level":"error","message":"Failed to send layer activity: connect ECONNREFUSED ::1:3006","timestamp":"2025-04-18T19:07:08.890Z"}
{"level":"error","message":"Failed to send database activity: connect ECONNREFUSED ::1:3006","timestamp":"2025-04-18T19:07:08.895Z"}
{"level":"error","message":"Failed to send layer activity: connect ECONNREFUSED ::1:3006","timestamp":"2025-04-18T19:07:18.922Z"}
{"level":"error","message":"Failed to send layer activity: connect ECONNREFUSED ::1:3006","timestamp":"2025-04-18T19:07:18.928Z"}
{"level":"error","message":"Failed to send layer activity: connect ECONNREFUSED ::1:3006","timestamp":"2025-04-18T19:07:18.936Z"}
{"level":"error","message":"Failed to send layer activity: connect ECONNREFUSED ::1:3006","timestamp":"2025-04-18T19:07:18.944Z"}
{"level":"error","message":"Failed to send database activity: connect ECONNREFUSED ::1:3006","timestamp":"2025-04-18T19:07:18.952Z"}
{"level":"error","message":"Failed to send layer activity: connect ECONNREFUSED ::1:3006","timestamp":"2025-04-18T19:07:20.414Z"}
{"level":"error","message":"Failed to send layer activity: connect ECONNREFUSED ::1:3006","timestamp":"2025-04-18T19:07:20.921Z"}
{"level":"error","message":"Failed to send layer activity: connect ECONNREFUSED ::1:3006","timestamp":"2025-04-18T19:07:21.152Z"}
{"level":"error","message":"Failed to send layer activity: connect ECONNREFUSED ::1:3006","timestamp":"2025-04-18T19:07:21.156Z"}
{"level":"error","message":"Failed to send layer activity: connect ECONNREFUSED ::1:3006","timestamp":"2025-04-18T19:07:21.163Z"}
{"level":"error","message":"Failed to send database activity: connect ECONNREFUSED ::1:3006","timestamp":"2025-04-18T19:07:21.168Z"}
{"level":"error","message":"Failed to send layer activity: connect ECONNREFUSED ::1:3006","timestamp":"2025-04-18T19:07:21.412Z"}
{"level":"error","message":"Failed to send database activity: connect ECONNREFUSED ::1:3006","timestamp":"2025-04-18T19:07:21.925Z"}
{"level":"error","message":"Failed to send layer activity: connect ECONNREFUSED ::1:3006","timestamp":"2025-04-18T19:07:21.927Z"}
{"level":"error","message":"Failed to send layer activity: connect ECONNREFUSED ::1:3006","timestamp":"2025-04-18T19:07:23.937Z"}
{"level":"error","message":"Failed to send layer activity: connect ECONNREFUSED ::1:3006","timestamp":"2025-04-18T19:07:30.488Z"}
{"level":"error","message":"Failed to send layer activity: connect ECONNREFUSED ::1:3006","timestamp":"2025-04-18T19:07:30.982Z"}
{"level":"error","message":"Failed to send layer activity: connect ECONNREFUSED ::1:3006","timestamp":"2025-04-18T19:07:31.191Z"}
{"level":"error","message":"Failed to send layer activity: connect ECONNREFUSED ::1:3006","timestamp":"2025-04-18T19:07:31.196Z"}
{"level":"error","message":"Failed to send layer activity: connect ECONNREFUSED ::1:3006","timestamp":"2025-04-18T19:07:31.201Z"}
{"level":"error","message":"Failed to send layer activity: connect ECONNREFUSED ::1:3006","timestamp":"2025-04-18T19:07:31.206Z"}
{"level":"error","message":"Failed to send database activity: connect ECONNREFUSED ::1:3006","timestamp":"2025-04-18T19:07:31.211Z"}
{"level":"error","message":"Failed to send layer activity: connect ECONNREFUSED ::1:3006","timestamp":"2025-04-18T19:07:31.482Z"}
{"level":"error","message":"Failed to send database activity: connect ECONNREFUSED ::1:3006","timestamp":"2025-04-18T19:07:31.994Z"}
{"level":"error","message":"Failed to send layer activity: connect ECONNREFUSED ::1:3006","timestamp":"2025-04-18T19:07:31.996Z"}
{"level":"error","message":"Failed to send layer activity: connect ECONNREFUSED ::1:3006","timestamp":"2025-04-18T19:07:32.690Z"}
{"level":"error","message":"Failed to send layer activity: connect ECONNREFUSED ::1:3006","timestamp":"2025-04-18T19:07:33.187Z"}
{"level":"error","message":"Failed to send layer activity: connect ECONNREFUSED ::1:3006","timestamp":"2025-04-18T19:07:33.695Z"}
{"level":"error","message":"Failed to send database activity: connect ECONNREFUSED ::1:3006","timestamp":"2025-04-18T19:07:34.192Z"}
{"level":"error","message":"Failed to send layer activity: connect ECONNREFUSED ::1:3006","timestamp":"2025-04-18T19:07:34.195Z"}
{"level":"error","message":"Failed to send layer activity: connect ECONNREFUSED ::1:3006","timestamp":"2025-04-18T19:07:42.737Z"}
{"level":"error","message":"Failed to send layer activity: connect ECONNREFUSED ::1:3006","timestamp":"2025-04-18T19:07:43.235Z"}
{"level":"error","message":"Failed to send layer activity: connect ECONNREFUSED ::1:3006","timestamp":"2025-04-18T19:07:43.733Z"}
{"level":"error","message":"Failed to send database activity: connect ECONNREFUSED ::1:3006","timestamp":"2025-04-18T19:07:44.234Z"}
{"level":"error","message":"Failed to send layer activity: connect ECONNREFUSED ::1:3006","timestamp":"2025-04-18T19:07:44.237Z"}
{"level":"error","message":"Failed to send layer activity: connect ECONNREFUSED ::1:3006","timestamp":"2025-04-18T19:08:25.648Z"}
{"level":"error","message":"Failed to send layer activity: connect ECONNREFUSED ::1:3006","timestamp":"2025-04-18T19:08:25.654Z"}
{"level":"error","message":"Failed to send layer activity: connect ECONNREFUSED ::1:3006","timestamp":"2025-04-18T19:08:25.658Z"}
{"level":"error","message":"Failed to send layer activity: connect ECONNREFUSED ::1:3006","timestamp":"2025-04-18T19:08:25.662Z"}
{"level":"error","message":"Failed to send database activity: connect ECONNREFUSED ::1:3006","timestamp":"2025-04-18T19:08:25.670Z"}
{"level":"error","message":"Failed to send layer activity: connect ECONNREFUSED ::1:3006","timestamp":"2025-04-18T19:08:27.354Z"}
{"level":"error","message":"Failed to send layer activity: connect ECONNREFUSED ::1:3006","timestamp":"2025-04-18T19:08:27.358Z"}
{"level":"error","message":"Failed to send layer activity: connect ECONNREFUSED ::1:3006","timestamp":"2025-04-18T19:08:27.363Z"}
{"level":"error","message":"Failed to send database activity: connect ECONNREFUSED ::1:3006","timestamp":"2025-04-18T19:08:27.368Z"}
{"level":"error","message":"Failed to send layer activity: connect ECONNREFUSED ::1:3006","timestamp":"2025-04-18T19:08:30.658Z"}
{"level":"error","message":"Failed to send layer activity: connect ECONNREFUSED ::1:3006","timestamp":"2025-04-18T19:08:31.296Z"}
{"level":"error","message":"Failed to send layer activity: connect ECONNREFUSED ::1:3006","timestamp":"2025-04-18T19:08:31.301Z"}
{"level":"error","message":"Failed to send layer activity: connect ECONNREFUSED ::1:3006","timestamp":"2025-04-18T19:08:31.304Z"}
{"level":"error","message":"Failed to send database activity: connect ECONNREFUSED ::1:3006","timestamp":"2025-04-18T19:08:31.309Z"}
{"level":"error","message":"Failed to send layer activity: connect ECONNREFUSED ::1:3006","timestamp":"2025-04-18T19:08:35.212Z"}
{"level":"error","message":"Failed to send layer activity: connect ECONNREFUSED ::1:3006","timestamp":"2025-04-18T19:08:35.219Z"}
{"level":"error","message":"Failed to send layer activity: connect ECONNREFUSED ::1:3006","timestamp":"2025-04-18T19:08:35.224Z"}
{"level":"error","message":"Failed to send database activity: connect ECONNREFUSED ::1:3006","timestamp":"2025-04-18T19:08:35.229Z"}
{"level":"error","message":"Failed to send layer activity: connect ECONNREFUSED ::1:3006","timestamp":"2025-04-18T19:08:35.403Z"}
{"level":"error","message":"Failed to send layer activity: connect ECONNREFUSED ::1:3006","timestamp":"2025-04-18T19:08:35.409Z"}
{"level":"error","message":"Failed to send layer activity: connect ECONNREFUSED ::1:3006","timestamp":"2025-04-18T19:08:35.414Z"}
{"level":"error","message":"Failed to send database activity: connect ECONNREFUSED ::1:3006","timestamp":"2025-04-18T19:08:35.421Z"}
{"level":"error","message":"Failed to send layer activity: connect ECONNREFUSED ::1:3006","timestamp":"2025-04-18T19:08:35.634Z"}
{"level":"error","message":"Failed to send layer activity: connect ECONNREFUSED ::1:3006","timestamp":"2025-04-18T19:08:35.639Z"}
{"level":"error","message":"Failed to send layer activity: connect ECONNREFUSED ::1:3006","timestamp":"2025-04-18T19:08:35.644Z"}
{"level":"error","message":"Failed to send database activity: connect ECONNREFUSED ::1:3006","timestamp":"2025-04-18T19:08:35.652Z"}
{"level":"error","message":"Failed to send layer activity: connect ECONNREFUSED ::1:3006","timestamp":"2025-04-18T19:08:35.657Z"}
{"level":"error","message":"Failed to send layer activity: connect ECONNREFUSED ::1:3006","timestamp":"2025-04-18T19:08:35.747Z"}
{"level":"error","message":"Failed to send layer activity: connect ECONNREFUSED ::1:3006","timestamp":"2025-04-18T19:08:35.751Z"}
{"level":"error","message":"Failed to send layer activity: connect ECONNREFUSED ::1:3006","timestamp":"2025-04-18T19:08:35.756Z"}
{"level":"error","message":"Failed to send database activity: connect ECONNREFUSED ::1:3006","timestamp":"2025-04-18T19:08:35.762Z"}
{"level":"error","message":"Failed to send layer activity: connect ECONNREFUSED ::1:3006","timestamp":"2025-04-18T19:08:37.245Z"}
{"level":"error","message":"Failed to send layer activity: connect ECONNREFUSED ::1:3006","timestamp":"2025-04-18T19:08:37.399Z"}
{"level":"error","message":"Failed to send layer activity: connect ECONNREFUSED ::1:3006","timestamp":"2025-04-18T19:08:37.403Z"}
{"level":"error","message":"Failed to send layer activity: connect ECONNREFUSED ::1:3006","timestamp":"2025-04-18T19:08:37.408Z"}
{"level":"error","message":"Failed to send database activity: connect ECONNREFUSED ::1:3006","timestamp":"2025-04-18T19:08:37.413Z"}
{"level":"error","message":"Failed to send layer activity: connect ECONNREFUSED ::1:3006","timestamp":"2025-04-18T19:08:37.743Z"}
{"level":"error","message":"Failed to send layer activity: connect ECONNREFUSED ::1:3006","timestamp":"2025-04-18T19:08:38.231Z"}
{"level":"error","message":"Failed to send database activity: connect ECONNREFUSED ::1:3006","timestamp":"2025-04-18T19:08:38.744Z"}
{"level":"error","message":"Failed to send layer activity: connect ECONNREFUSED ::1:3006","timestamp":"2025-04-18T19:08:38.746Z"}
{"level":"error","message":"Failed to send layer activity: connect ECONNREFUSED ::1:3006","timestamp":"2025-04-18T19:08:38.898Z"}
{"level":"error","message":"Failed to send layer activity: connect ECONNREFUSED ::1:3006","timestamp":"2025-04-18T19:08:39.393Z"}
{"level":"error","message":"Failed to send layer activity: connect ECONNREFUSED ::1:3006","timestamp":"2025-04-18T19:08:39.893Z"}
{"level":"error","message":"Failed to send database activity: connect ECONNREFUSED ::1:3006","timestamp":"2025-04-18T19:08:40.389Z"}
{"level":"error","message":"Failed to send layer activity: connect ECONNREFUSED ::1:3006","timestamp":"2025-04-18T19:08:40.392Z"}
{"level":"error","message":"Failed to send layer activity: connect ECONNREFUSED ::1:3006","timestamp":"2025-04-18T19:08:40.653Z"}
{"level":"error","message":"Failed to send layer activity: connect ECONNREFUSED ::1:3006","timestamp":"2025-04-18T19:08:41.343Z"}
{"level":"error","message":"Failed to send layer activity: connect ECONNREFUSED ::1:3006","timestamp":"2025-04-18T19:08:41.347Z"}
{"level":"error","message":"Failed to send layer activity: connect ECONNREFUSED ::1:3006","timestamp":"2025-04-18T19:08:41.352Z"}
{"level":"error","message":"Failed to send database activity: connect ECONNREFUSED ::1:3006","timestamp":"2025-04-18T19:08:41.357Z"}
{"level":"error","message":"Failed to send layer activity: connect ECONNREFUSED ::1:3006","timestamp":"2025-04-18T19:08:42.826Z"}
{"level":"error","message":"Failed to send layer activity: connect ECONNREFUSED ::1:3006","timestamp":"2025-04-18T19:08:43.337Z"}
{"level":"error","message":"Failed to send layer activity: connect ECONNREFUSED ::1:3006","timestamp":"2025-04-18T19:08:43.823Z"}
{"level":"error","message":"Failed to send database activity: connect ECONNREFUSED ::1:3006","timestamp":"2025-04-18T19:08:44.327Z"}
{"level":"error","message":"Failed to send layer activity: connect ECONNREFUSED ::1:3006","timestamp":"2025-04-18T19:08:44.329Z"}
{"level":"error","message":"Failed to send layer activity: connect ECONNREFUSED ::1:3006","timestamp":"2025-04-18T19:08:45.252Z"}
{"level":"error","message":"Failed to send layer activity: connect ECONNREFUSED ::1:3006","timestamp":"2025-04-18T19:08:45.257Z"}
{"level":"error","message":"Failed to send layer activity: connect ECONNREFUSED ::1:3006","timestamp":"2025-04-18T19:08:45.261Z"}
{"level":"error","message":"Failed to send database activity: connect ECONNREFUSED ::1:3006","timestamp":"2025-04-18T19:08:45.265Z"}
{"level":"error","message":"Failed to send layer activity: connect ECONNREFUSED ::1:3006","timestamp":"2025-04-18T19:08:45.456Z"}
{"level":"error","message":"Failed to send layer activity: connect ECONNREFUSED ::1:3006","timestamp":"2025-04-18T19:08:45.462Z"}
{"level":"error","message":"Failed to send layer activity: connect ECONNREFUSED ::1:3006","timestamp":"2025-04-18T19:08:45.466Z"}
{"level":"error","message":"Failed to send database activity: connect ECONNREFUSED ::1:3006","timestamp":"2025-04-18T19:08:45.472Z"}
{"level":"error","message":"Failed to send layer activity: connect ECONNREFUSED ::1:3006","timestamp":"2025-04-18T19:08:45.663Z"}
{"level":"error","message":"Failed to send layer activity: connect ECONNREFUSED ::1:3006","timestamp":"2025-04-18T19:08:45.674Z"}
{"level":"error","message":"Failed to send layer activity: connect ECONNREFUSED ::1:3006","timestamp":"2025-04-18T19:08:45.679Z"}
{"level":"error","message":"Failed to send layer activity: connect ECONNREFUSED ::1:3006","timestamp":"2025-04-18T19:08:45.684Z"}
{"level":"error","message":"Failed to send database activity: connect ECONNREFUSED ::1:3006","timestamp":"2025-04-18T19:08:45.689Z"}
{"level":"error","message":"Failed to send layer activity: connect ECONNREFUSED ::1:3006","timestamp":"2025-04-18T19:08:46.752Z"}
{"level":"error","message":"Failed to send layer activity: connect ECONNREFUSED ::1:3006","timestamp":"2025-04-18T19:08:46.954Z"}
{"level":"error","message":"Failed to send layer activity: connect ECONNREFUSED ::1:3006","timestamp":"2025-04-18T19:08:47.172Z"}
{"level":"error","message":"Failed to send layer activity: connect ECONNREFUSED ::1:3006","timestamp":"2025-04-18T19:08:47.252Z"}
{"level":"error","message":"Failed to send layer activity: connect ECONNREFUSED ::1:3006","timestamp":"2025-04-18T19:08:47.297Z"}
{"level":"error","message":"Failed to send layer activity: connect ECONNREFUSED ::1:3006","timestamp":"2025-04-18T19:08:47.453Z"}
{"level":"error","message":"Failed to send layer activity: connect ECONNREFUSED ::1:3006","timestamp":"2025-04-18T19:08:47.671Z"}
{"level":"error","message":"Failed to send layer activity: connect ECONNREFUSED ::1:3006","timestamp":"2025-04-18T19:08:47.748Z"}
{"level":"error","message":"Failed to send layer activity: connect ECONNREFUSED ::1:3006","timestamp":"2025-04-18T19:08:47.795Z"}
{"level":"error","message":"Failed to send layer activity: connect ECONNREFUSED ::1:3006","timestamp":"2025-04-18T19:08:47.951Z"}
{"level":"error","message":"Failed to send layer activity: connect ECONNREFUSED ::1:3006","timestamp":"2025-04-18T19:08:48.174Z"}
{"level":"error","message":"Failed to send database activity: connect ECONNREFUSED ::1:3006","timestamp":"2025-04-18T19:08:48.248Z"}
{"level":"error","message":"Failed to send layer activity: connect ECONNREFUSED ::1:3006","timestamp":"2025-04-18T19:08:48.250Z"}
{"level":"error","message":"Failed to send layer activity: connect ECONNREFUSED ::1:3006","timestamp":"2025-04-18T19:08:48.292Z"}
{"level":"error","message":"Failed to send database activity: connect ECONNREFUSED ::1:3006","timestamp":"2025-04-18T19:08:48.447Z"}
{"level":"error","message":"Failed to send layer activity: connect ECONNREFUSED ::1:3006","timestamp":"2025-04-18T19:08:48.450Z"}
{"level":"error","message":"Failed to send database activity: connect ECONNREFUSED ::1:3006","timestamp":"2025-04-18T19:08:48.680Z"}
{"level":"error","message":"Failed to send layer activity: connect ECONNREFUSED ::1:3006","timestamp":"2025-04-18T19:08:48.683Z"}
{"level":"error","message":"Failed to send database activity: connect ECONNREFUSED ::1:3006","timestamp":"2025-04-18T19:08:48.791Z"}
{"level":"error","message":"Failed to send layer activity: connect ECONNREFUSED ::1:3006","timestamp":"2025-04-18T19:08:48.793Z"}
{"level":"error","message":"Failed to send layer activity: connect ECONNREFUSED ::1:3006","timestamp":"2025-04-18T19:08:48.926Z"}
{"level":"error","message":"Failed to send layer activity: connect ECONNREFUSED ::1:3006","timestamp":"2025-04-18T19:08:49.427Z"}
{"level":"error","message":"Failed to send layer activity: connect ECONNREFUSED ::1:3006","timestamp":"2025-04-18T19:08:49.936Z"}
{"level":"error","message":"Failed to send database activity: connect ECONNREFUSED ::1:3006","timestamp":"2025-04-18T19:08:50.435Z"}
{"level":"error","message":"Failed to send layer activity: connect ECONNREFUSED ::1:3006","timestamp":"2025-04-18T19:08:50.438Z"}
{"level":"error","message":"Failed to send layer activity: connect ECONNREFUSED ::1:3006","timestamp":"2025-04-18T19:08:50.651Z"}
{"level":"error","message":"Failed to send layer activity: connect ECONNREFUSED ::1:3006","timestamp":"2025-04-18T19:08:52.879Z"}
{"level":"error","message":"Failed to send layer activity: connect ECONNREFUSED ::1:3006","timestamp":"2025-04-18T19:08:53.389Z"}
{"level":"error","message":"Failed to send layer activity: connect ECONNREFUSED ::1:3006","timestamp":"2025-04-18T19:08:53.889Z"}
{"level":"error","message":"Failed to send database activity: connect ECONNREFUSED ::1:3006","timestamp":"2025-04-18T19:08:54.386Z"}
{"level":"error","message":"Failed to send layer activity: connect ECONNREFUSED ::1:3006","timestamp":"2025-04-18T19:08:54.388Z"}
{"level":"error","message":"Failed to send layer activity: connect ECONNREFUSED ::1:3006","timestamp":"2025-04-18T19:08:55.661Z"}
{"level":"error","message":"Failed to send layer activity: connect ECONNREFUSED ::1:3006","timestamp":"2025-04-18T19:08:56.795Z"}
{"level":"error","message":"Failed to send layer activity: connect ECONNREFUSED ::1:3006","timestamp":"2025-04-18T19:08:56.995Z"}
{"level":"error","message":"Failed to send layer activity: connect ECONNREFUSED ::1:3006","timestamp":"2025-04-18T19:08:57.214Z"}
{"level":"error","message":"Failed to send layer activity: connect ECONNREFUSED ::1:3006","timestamp":"2025-04-18T19:08:57.294Z"}
{"level":"error","message":"Failed to send layer activity: connect ECONNREFUSED ::1:3006","timestamp":"2025-04-18T19:08:57.495Z"}
{"level":"error","message":"Failed to send layer activity: connect ECONNREFUSED ::1:3006","timestamp":"2025-04-18T19:08:57.711Z"}
{"level":"error","message":"Failed to send layer activity: connect ECONNREFUSED ::1:3006","timestamp":"2025-04-18T19:08:57.803Z"}
{"level":"error","message":"Failed to send layer activity: connect ECONNREFUSED ::1:3006","timestamp":"2025-04-18T19:08:58.008Z"}
{"level":"error","message":"Failed to send layer activity: connect ECONNREFUSED ::1:3006","timestamp":"2025-04-18T19:08:58.210Z"}
{"level":"error","message":"Failed to send database activity: connect ECONNREFUSED ::1:3006","timestamp":"2025-04-18T19:08:58.307Z"}
{"level":"error","message":"Failed to send layer activity: connect ECONNREFUSED ::1:3006","timestamp":"2025-04-18T19:08:58.309Z"}
{"level":"error","message":"Failed to send database activity: connect ECONNREFUSED ::1:3006","timestamp":"2025-04-18T19:08:58.511Z"}
{"level":"error","message":"Failed to send layer activity: connect ECONNREFUSED ::1:3006","timestamp":"2025-04-18T19:08:58.513Z"}
{"level":"error","message":"Failed to send database activity: connect ECONNREFUSED ::1:3006","timestamp":"2025-04-18T19:08:58.711Z"}
{"level":"error","message":"Failed to send layer activity: connect ECONNREFUSED ::1:3006","timestamp":"2025-04-18T19:08:58.715Z"}
{"level":"error","message":"Failed to send layer activity: connect ECONNREFUSED ::1:3006","timestamp":"2025-04-18T19:09:00.658Z"}
{"level":"error","message":"Failed to send layer activity: connect ECONNREFUSED ::1:3006","timestamp":"2025-04-18T19:09:05.651Z"}
{"level":"error","message":"Failed to send layer activity: connect ECONNREFUSED ::1:3006","timestamp":"2025-04-18T19:09:10.653Z"}
{"level":"error","message":"Failed to send layer activity: connect ECONNREFUSED ::1:3006","timestamp":"2025-04-18T19:09:15.657Z"}
{"level":"error","message":"Failed to send layer activity: connect ECONNREFUSED ::1:3006","timestamp":"2025-04-19T11:14:29.178Z"}
{"level":"error","message":"Failed to send layer activity: connect ECONNREFUSED ::1:3006","timestamp":"2025-04-19T11:14:29.182Z"}
{"level":"error","message":"Failed to send layer activity: connect ECONNREFUSED ::1:3006","timestamp":"2025-04-19T11:14:29.185Z"}
{"level":"error","message":"Failed to send layer activity: connect ECONNREFUSED ::1:3006","timestamp":"2025-04-19T11:14:29.187Z"}
{"level":"error","message":"Failed to send database activity: connect ECONNREFUSED ::1:3006","timestamp":"2025-04-19T11:14:29.191Z"}
{"level":"error","message":"Failed to send layer activity: connect ECONNREFUSED ::1:3006","timestamp":"2025-04-19T11:14:39.215Z"}
{"level":"error","message":"Failed to send layer activity: connect ECONNREFUSED ::1:3006","timestamp":"2025-04-19T11:14:39.217Z"}
{"level":"error","message":"Failed to send layer activity: connect ECONNREFUSED ::1:3006","timestamp":"2025-04-19T11:14:39.220Z"}
{"level":"error","message":"Failed to send layer activity: connect ECONNREFUSED ::1:3006","timestamp":"2025-04-19T11:14:39.223Z"}
{"level":"error","message":"Failed to send database activity: connect ECONNREFUSED ::1:3006","timestamp":"2025-04-19T11:14:39.227Z"}
{"level":"error","message":"Failed to send layer activity: connect ECONNREFUSED ::1:3006","timestamp":"2025-04-19T11:14:40.711Z"}
{"level":"error","message":"Failed to send layer activity: connect ECONNREFUSED ::1:3006","timestamp":"2025-04-19T11:14:41.210Z"}
{"level":"error","message":"Failed to send layer activity: connect ECONNREFUSED ::1:3006","timestamp":"2025-04-19T11:14:41.709Z"}
{"level":"error","message":"Failed to send database activity: connect ECONNREFUSED ::1:3006","timestamp":"2025-04-19T11:14:42.210Z"}
{"level":"error","message":"Failed to send layer activity: connect ECONNREFUSED ::1:3006","timestamp":"2025-04-19T11:14:42.211Z"}
{"level":"error","message":"Failed to send layer activity: connect ECONNREFUSED ::1:3006","timestamp":"2025-04-19T11:14:50.748Z"}
{"level":"error","message":"Failed to send layer activity: connect ECONNREFUSED ::1:3006","timestamp":"2025-04-19T11:14:51.259Z"}
{"level":"error","message":"Failed to send layer activity: connect ECONNREFUSED ::1:3006","timestamp":"2025-04-19T11:14:51.755Z"}
{"level":"error","message":"Failed to send database activity: connect ECONNREFUSED ::1:3006","timestamp":"2025-04-19T11:14:52.250Z"}
{"level":"error","message":"Failed to send layer activity: connect ECONNREFUSED ::1:3006","timestamp":"2025-04-19T11:14:52.250Z"}
{"level":"error","message":"Failed to send layer activity: connect ECONNREFUSED ::1:3006","timestamp":"2025-04-19T11:15:06.273Z"}
{"level":"error","message":"Failed to send layer activity: connect ECONNREFUSED ::1:3006","timestamp":"2025-04-19T11:15:06.275Z"}
{"level":"error","message":"Failed to send layer activity: connect ECONNREFUSED ::1:3006","timestamp":"2025-04-19T11:15:06.277Z"}
{"level":"error","message":"Failed to send layer activity: connect ECONNREFUSED ::1:3006","timestamp":"2025-04-19T11:15:06.279Z"}
{"level":"error","message":"Failed to send database activity: connect ECONNREFUSED ::1:3006","timestamp":"2025-04-19T11:15:06.280Z"}
{"level":"error","message":"Failed to send layer activity: connect ECONNREFUSED ::1:3006","timestamp":"2025-04-19T11:15:09.916Z"}
{"level":"error","message":"Failed to send layer activity: connect ECONNREFUSED ::1:3006","timestamp":"2025-04-19T11:15:09.918Z"}
{"level":"error","message":"Failed to send layer activity: connect ECONNREFUSED ::1:3006","timestamp":"2025-04-19T11:15:09.920Z"}
{"level":"error","message":"Failed to send database activity: connect ECONNREFUSED ::1:3006","timestamp":"2025-04-19T11:15:09.921Z"}
{"level":"error","message":"Failed to send layer activity: connect ECONNREFUSED ::1:3006","timestamp":"2025-04-19T11:15:11.277Z"}
{"level":"error","message":"Failed to send layer activity: connect ECONNREFUSED ::1:3006","timestamp":"2025-04-19T11:15:16.320Z"}
{"level":"error","message":"Failed to send layer activity: connect ECONNREFUSED ::1:3006","timestamp":"2025-04-19T11:15:16.324Z"}
{"level":"error","message":"Failed to send layer activity: connect ECONNREFUSED ::1:3006","timestamp":"2025-04-19T11:15:16.327Z"}
{"level":"error","message":"Failed to send layer activity: connect ECONNREFUSED ::1:3006","timestamp":"2025-04-19T11:15:16.330Z"}
{"level":"error","message":"Failed to send database activity: connect ECONNREFUSED ::1:3006","timestamp":"2025-04-19T11:15:16.333Z"}
{"level":"error","message":"Failed to send layer activity: connect ECONNREFUSED ::1:3006","timestamp":"2025-04-19T11:15:17.812Z"}
{"level":"error","message":"Failed to send layer activity: connect ECONNREFUSED ::1:3006","timestamp":"2025-04-19T11:15:18.315Z"}
{"level":"error","message":"Failed to send layer activity: connect ECONNREFUSED ::1:3006","timestamp":"2025-04-19T11:15:18.814Z"}
{"level":"error","message":"Failed to send database activity: connect ECONNREFUSED ::1:3006","timestamp":"2025-04-19T11:15:19.319Z"}
{"level":"error","message":"Failed to send layer activity: connect ECONNREFUSED ::1:3006","timestamp":"2025-04-19T11:15:19.320Z"}
{"level":"error","message":"Failed to send layer activity: connect ECONNREFUSED ::1:3006","timestamp":"2025-04-19T11:15:19.932Z"}
{"level":"error","message":"Failed to send layer activity: connect ECONNREFUSED ::1:3006","timestamp":"2025-04-19T11:15:19.934Z"}
{"level":"error","message":"Failed to send layer activity: connect ECONNREFUSED ::1:3006","timestamp":"2025-04-19T11:15:19.936Z"}
{"level":"error","message":"Failed to send database activity: connect ECONNREFUSED ::1:3006","timestamp":"2025-04-19T11:15:19.938Z"}
{"level":"error","message":"Failed to send layer activity: connect ECONNREFUSED ::1:3006","timestamp":"2025-04-19T11:15:21.334Z"}
{"level":"error","message":"Failed to send layer activity: connect ECONNREFUSED ::1:3006","timestamp":"2025-04-19T11:15:21.427Z"}
{"level":"error","message":"Failed to send layer activity: connect ECONNREFUSED ::1:3006","timestamp":"2025-04-19T11:15:21.726Z"}
{"level":"error","message":"Failed to send layer activity: connect ECONNREFUSED ::1:3006","timestamp":"2025-04-19T11:15:21.730Z"}
{"level":"error","message":"Failed to send layer activity: connect ECONNREFUSED ::1:3006","timestamp":"2025-04-19T11:15:21.732Z"}
{"level":"error","message":"Failed to send database activity: connect ECONNREFUSED ::1:3006","timestamp":"2025-04-19T11:15:21.736Z"}
{"level":"error","message":"Failed to send layer activity: connect ECONNREFUSED ::1:3006","timestamp":"2025-04-19T11:15:21.929Z"}
{"level":"error","message":"Failed to send layer activity: connect ECONNREFUSED ::1:3006","timestamp":"2025-04-19T11:15:22.443Z"}
{"level":"error","message":"Failed to send database activity: connect ECONNREFUSED ::1:3006","timestamp":"2025-04-19T11:15:22.943Z"}
{"level":"error","message":"Failed to send layer activity: connect ECONNREFUSED ::1:3006","timestamp":"2025-04-19T11:15:22.944Z"}
{"level":"error","message":"Failed to send layer activity: connect ECONNREFUSED ::1:3006","timestamp":"2025-04-19T11:15:26.328Z"}
{"level":"error","message":"Failed to send layer activity: connect ECONNREFUSED ::1:3006","timestamp":"2025-04-19T11:15:27.858Z"}
{"level":"error","message":"Failed to send layer activity: connect ECONNREFUSED ::1:3006","timestamp":"2025-04-19T11:15:28.358Z"}
{"level":"error","message":"Failed to send layer activity: connect ECONNREFUSED ::1:3006","timestamp":"2025-04-19T11:15:28.856Z"}
{"level":"error","message":"Failed to send database activity: connect ECONNREFUSED ::1:3006","timestamp":"2025-04-19T11:15:29.358Z"}
{"level":"error","message":"Failed to send layer activity: connect ECONNREFUSED ::1:3006","timestamp":"2025-04-19T11:15:29.358Z"}
{"level":"error","message":"Failed to send layer activity: connect ECONNREFUSED ::1:3006","timestamp":"2025-04-19T11:15:31.465Z"}
{"level":"error","message":"Failed to send layer activity: connect ECONNREFUSED ::1:3006","timestamp":"2025-04-19T11:15:31.752Z"}
{"level":"error","message":"Failed to send layer activity: connect ECONNREFUSED ::1:3006","timestamp":"2025-04-19T11:15:31.754Z"}
{"level":"error","message":"Failed to send layer activity: connect ECONNREFUSED ::1:3006","timestamp":"2025-04-19T11:15:31.756Z"}
{"level":"error","message":"Failed to send layer activity: connect ECONNREFUSED ::1:3006","timestamp":"2025-04-19T11:15:31.758Z"}
{"level":"error","message":"Failed to send database activity: connect ECONNREFUSED ::1:3006","timestamp":"2025-04-19T11:15:31.761Z"}
{"level":"error","message":"Failed to send layer activity: connect ECONNREFUSED ::1:3006","timestamp":"2025-04-19T11:15:31.966Z"}
{"level":"error","message":"Failed to send layer activity: connect ECONNREFUSED ::1:3006","timestamp":"2025-04-19T11:15:32.464Z"}
{"level":"error","message":"Failed to send database activity: connect ECONNREFUSED ::1:3006","timestamp":"2025-04-19T11:15:32.966Z"}
{"level":"error","message":"Failed to send layer activity: connect ECONNREFUSED ::1:3006","timestamp":"2025-04-19T11:15:32.968Z"}
{"level":"error","message":"Failed to send layer activity: connect ECONNREFUSED ::1:3006","timestamp":"2025-04-19T11:15:33.250Z"}
{"level":"error","message":"Failed to send layer activity: connect ECONNREFUSED ::1:3006","timestamp":"2025-04-19T11:15:33.754Z"}
{"level":"error","message":"Failed to send layer activity: connect ECONNREFUSED ::1:3006","timestamp":"2025-04-19T11:15:34.251Z"}
{"level":"error","message":"Failed to send database activity: connect ECONNREFUSED ::1:3006","timestamp":"2025-04-19T11:15:34.752Z"}
{"level":"error","message":"Failed to send layer activity: connect ECONNREFUSED ::1:3006","timestamp":"2025-04-19T11:15:34.754Z"}
{"level":"error","message":"Failed to send layer activity: connect ECONNREFUSED ::1:3006","timestamp":"2025-04-19T11:15:43.296Z"}
{"level":"error","message":"Failed to send layer activity: connect ECONNREFUSED ::1:3006","timestamp":"2025-04-19T11:15:43.786Z"}
{"level":"error","message":"Failed to send layer activity: connect ECONNREFUSED ::1:3006","timestamp":"2025-04-19T11:15:44.283Z"}
{"level":"error","message":"Failed to send database activity: connect ECONNREFUSED ::1:3006","timestamp":"2025-04-19T11:15:44.782Z"}
{"level":"error","message":"Failed to send layer activity: connect ECONNREFUSED ::1:3006","timestamp":"2025-04-19T11:15:44.784Z"}
