{"level":"info","message":{"ip":"::1","method":"GET","path":"/"},"timestamp":"2025-04-14T11:15:08.787Z"}
{"level":"info","message":{"ip":"::1","method":"GET","path":"/assets/index-CEfqc2ke.js"},"timestamp":"2025-04-14T11:15:08.996Z"}
{"level":"info","message":{"ip":"::1","method":"GET","path":"/assets/index-CBmKcVbq.css"},"timestamp":"2025-04-14T11:15:09.009Z"}
{"level":"info","message":{"ip":"::1","method":"GET","path":"/logo.png"},"timestamp":"2025-04-14T11:15:09.650Z"}
{"level":"info","message":{"ip":"::1","method":"GET","path":"/cover2.jpg"},"timestamp":"2025-04-14T11:15:09.653Z"}
{"level":"info","message":{"ip":"::1","method":"GET","path":"/vite.svg"},"timestamp":"2025-04-14T11:15:10.741Z"}
{"level":"info","message":{"ip":"::1","method":"POST","path":"/api/users/auth/register"},"timestamp":"2025-04-14T11:17:41.978Z"}
{"level":"info","message":{"ip":"::1","method":"POST","path":"/api/users/auth/register"},"timestamp":"2025-04-14T11:17:50.910Z"}
{"level":"info","message":{"ip":"::1","method":"POST","path":"/api/users/auth/register"},"timestamp":"2025-04-14T11:18:07.748Z"}
{"level":"info","message":{"ip":"::1","method":"GET","path":"/cover2.jpg"},"timestamp":"2025-04-14T11:18:25.734Z"}
{"level":"info","message":{"ip":"::1","method":"GET","path":"/"},"timestamp":"2025-04-14T11:22:32.602Z"}
{"level":"info","message":{"ip":"::1","method":"GET","path":"/assets/index-CEfqc2ke.js"},"timestamp":"2025-04-14T11:22:32.643Z"}
{"level":"info","message":{"ip":"::1","method":"GET","path":"/assets/index-CBmKcVbq.css"},"timestamp":"2025-04-14T11:22:32.647Z"}
{"level":"info","message":{"ip":"::1","method":"GET","path":"/logo.png"},"timestamp":"2025-04-14T11:22:32.810Z"}
{"level":"info","message":{"ip":"::1","method":"GET","path":"/cover2.jpg"},"timestamp":"2025-04-14T11:22:32.813Z"}
{"level":"info","message":{"ip":"::1","method":"GET","path":"/vite.svg"},"timestamp":"2025-04-14T11:22:33.724Z"}
{"level":"info","message":{"ip":"::1","method":"POST","path":"/api/users/auth/register"},"timestamp":"2025-04-14T11:23:04.522Z"}
{"level":"info","message":{"ip":"::1","method":"GET","path":"/cover2.jpg"},"timestamp":"2025-04-14T11:23:12.779Z"}
{"level":"info","message":{"ip":"::1","method":"GET","path":"/sign-up"},"timestamp":"2025-04-14T11:33:36.538Z"}
{"level":"info","message":{"ip":"::1","method":"GET","path":"/assets/index-CEfqc2ke.js"},"timestamp":"2025-04-14T11:33:36.603Z"}
{"level":"info","message":{"ip":"::1","method":"GET","path":"/assets/index-CBmKcVbq.css"},"timestamp":"2025-04-14T11:33:36.611Z"}
{"level":"info","message":{"ip":"::1","method":"GET","path":"/logo.png"},"timestamp":"2025-04-14T11:33:36.944Z"}
{"level":"info","message":{"ip":"::1","method":"GET","path":"/vite.svg"},"timestamp":"2025-04-14T11:33:37.616Z"}
{"level":"info","message":{"ip":"::1","method":"POST","path":"/api/users/auth/register"},"timestamp":"2025-04-14T11:33:55.536Z"}
{"level":"info","message":{"ip":"::1","method":"GET","path":"/sign-up"},"timestamp":"2025-04-14T11:39:16.997Z"}
{"level":"info","message":{"ip":"::1","method":"GET","path":"/assets/index-CEfqc2ke.js"},"timestamp":"2025-04-14T11:39:17.070Z"}
{"level":"info","message":{"ip":"::1","method":"GET","path":"/assets/index-CBmKcVbq.css"},"timestamp":"2025-04-14T11:39:17.073Z"}
{"level":"info","message":{"ip":"::1","method":"GET","path":"/logo.png"},"timestamp":"2025-04-14T11:39:17.165Z"}
{"level":"info","message":{"ip":"::1","method":"GET","path":"/vite.svg"},"timestamp":"2025-04-14T11:39:18.159Z"}
{"level":"info","message":{"ip":"::1","method":"POST","path":"/api/users/auth/register"},"timestamp":"2025-04-14T11:39:48.665Z"}
{"level":"info","message":{"ip":"::1","method":"GET","path":"/sign-up"},"timestamp":"2025-04-14T11:39:56.638Z"}
{"level":"info","message":{"ip":"::1","method":"GET","path":"/assets/index-CEfqc2ke.js"},"timestamp":"2025-04-14T11:39:56.683Z"}
{"level":"info","message":{"ip":"::1","method":"GET","path":"/assets/index-CBmKcVbq.css"},"timestamp":"2025-04-14T11:39:56.690Z"}
{"level":"info","message":{"ip":"::1","method":"GET","path":"/logo.png"},"timestamp":"2025-04-14T11:39:56.822Z"}
{"level":"info","message":{"ip":"::1","method":"GET","path":"/vite.svg"},"timestamp":"2025-04-14T11:39:56.907Z"}
{"level":"info","message":{"ip":"::1","method":"GET","path":"/sign-up"},"timestamp":"2025-04-14T11:39:57.724Z"}
{"level":"info","message":{"ip":"::1","method":"GET","path":"/assets/index-CEfqc2ke.js"},"timestamp":"2025-04-14T11:39:57.763Z"}
{"level":"info","message":{"ip":"::1","method":"GET","path":"/assets/index-CBmKcVbq.css"},"timestamp":"2025-04-14T11:39:57.772Z"}
{"level":"info","message":{"ip":"::1","method":"GET","path":"/logo.png"},"timestamp":"2025-04-14T11:39:57.862Z"}
{"level":"info","message":{"ip":"::1","method":"GET","path":"/vite.svg"},"timestamp":"2025-04-14T11:39:57.914Z"}
{"level":"info","message":{"ip":"::1","method":"GET","path":"/sign-up"},"timestamp":"2025-04-14T11:39:58.572Z"}
{"level":"info","message":{"ip":"::1","method":"GET","path":"/assets/index-CEfqc2ke.js"},"timestamp":"2025-04-14T11:39:58.612Z"}
{"level":"info","message":{"ip":"::1","method":"GET","path":"/assets/index-CBmKcVbq.css"},"timestamp":"2025-04-14T11:39:58.615Z"}
{"level":"info","message":{"ip":"::1","method":"GET","path":"/logo.png"},"timestamp":"2025-04-14T11:39:58.720Z"}
{"level":"info","message":{"ip":"::1","method":"GET","path":"/vite.svg"},"timestamp":"2025-04-14T11:39:58.870Z"}
{"level":"info","message":{"ip":"::1","method":"GET","path":"/sign-up"},"timestamp":"2025-04-14T11:39:58.929Z"}
{"level":"info","message":{"ip":"::1","method":"GET","path":"/assets/index-CEfqc2ke.js"},"timestamp":"2025-04-14T11:39:58.949Z"}
{"level":"info","message":{"ip":"::1","method":"GET","path":"/assets/index-CBmKcVbq.css"},"timestamp":"2025-04-14T11:39:58.953Z"}
{"level":"info","message":{"ip":"::1","method":"GET","path":"/logo.png"},"timestamp":"2025-04-14T11:39:58.999Z"}
{"level":"info","message":{"ip":"::1","method":"GET","path":"/vite.svg"},"timestamp":"2025-04-14T11:39:59.315Z"}
{"level":"info","message":{"ip":"::1","method":"POST","path":"/api/users/auth/register"},"timestamp":"2025-04-14T11:40:23.207Z"}
{"level":"info","message":{"ip":"::1","method":"GET","path":"/"},"timestamp":"2025-04-14T11:42:28.929Z"}
{"level":"info","message":{"ip":"::1","method":"GET","path":"/assets/index-CEfqc2ke.js"},"timestamp":"2025-04-14T11:42:29.005Z"}
{"level":"info","message":{"ip":"::1","method":"GET","path":"/assets/index-CBmKcVbq.css"},"timestamp":"2025-04-14T11:42:29.009Z"}
{"level":"info","message":{"ip":"::1","method":"GET","path":"/logo.png"},"timestamp":"2025-04-14T11:42:29.094Z"}
{"level":"info","message":{"ip":"::1","method":"GET","path":"/cover2.jpg"},"timestamp":"2025-04-14T11:42:29.184Z"}
{"level":"info","message":{"ip":"::1","method":"POST","path":"/api/users/auth/register"},"timestamp":"2025-04-14T11:42:44.888Z"}
{"level":"info","message":{"ip":"::1","method":"POST","path":"/api/users/auth/register"},"timestamp":"2025-04-14T11:42:51.905Z"}
{"level":"info","message":{"ip":"::1","method":"GET","path":"/sign-up"},"timestamp":"2025-04-14T11:44:51.823Z"}
{"level":"info","message":{"ip":"::1","method":"GET","path":"/assets/index-CEfqc2ke.js"},"timestamp":"2025-04-14T11:44:51.883Z"}
{"level":"info","message":{"ip":"::1","method":"GET","path":"/assets/index-CBmKcVbq.css"},"timestamp":"2025-04-14T11:44:51.885Z"}
{"level":"info","message":{"ip":"::1","method":"GET","path":"/logo.png"},"timestamp":"2025-04-14T11:44:51.973Z"}
{"level":"info","message":{"ip":"::1","method":"GET","path":"/vite.svg"},"timestamp":"2025-04-14T11:44:52.430Z"}
{"level":"info","message":{"ip":"::1","method":"GET","path":"/sign-up"},"timestamp":"2025-04-14T11:44:54.833Z"}
{"level":"info","message":{"ip":"::1","method":"GET","path":"/assets/index-CEfqc2ke.js"},"timestamp":"2025-04-14T11:44:54.870Z"}
{"level":"info","message":{"ip":"::1","method":"GET","path":"/assets/index-CBmKcVbq.css"},"timestamp":"2025-04-14T11:44:54.873Z"}
{"level":"info","message":{"ip":"::1","method":"GET","path":"/logo.png"},"timestamp":"2025-04-14T11:44:55.008Z"}
{"level":"info","message":{"ip":"::1","method":"GET","path":"/vite.svg"},"timestamp":"2025-04-14T11:44:55.110Z"}
{"level":"info","message":{"ip":"::1","method":"POST","path":"/api/users/auth/register"},"timestamp":"2025-04-14T11:45:11.491Z"}
{"level":"info","message":{"ip":"::1","method":"POST","path":"/api/users/auth/login"},"timestamp":"2025-04-14T11:45:22.334Z"}
{"level":"info","message":{"ip":"::1","method":"GET","path":"/"},"timestamp":"2025-04-14T11:45:22.802Z"}
{"level":"info","message":{"ip":"::1","method":"GET","path":"/cover2.jpg"},"timestamp":"2025-04-14T11:45:22.852Z"}
{"level":"info","message":{"ip":"::1","method":"GET","path":"/assets/index-CEfqc2ke.js"},"timestamp":"2025-04-14T11:45:22.867Z"}
{"level":"info","message":{"ip":"::1","method":"GET","path":"/assets/index-CBmKcVbq.css"},"timestamp":"2025-04-14T11:45:22.871Z"}
{"level":"info","message":{"ip":"::1","method":"GET","path":"/logo.png"},"timestamp":"2025-04-14T11:45:22.928Z"}
{"level":"info","message":{"ip":"::1","method":"GET","path":"/cover2.jpg"},"timestamp":"2025-04-14T11:45:22.989Z"}
{"level":"info","message":{"ip":"::1","method":"GET","path":"/vite.svg"},"timestamp":"2025-04-14T11:45:23.613Z"}
{"level":"info","message":{"ip":"::1","method":"GET","path":"/sign-in"},"timestamp":"2025-04-14T11:45:27.222Z"}
{"level":"info","message":{"ip":"::1","method":"GET","path":"/assets/index-CEfqc2ke.js"},"timestamp":"2025-04-14T11:45:27.273Z"}
{"level":"info","message":{"ip":"::1","method":"GET","path":"/assets/index-CBmKcVbq.css"},"timestamp":"2025-04-14T11:45:27.276Z"}
{"level":"info","message":{"ip":"::1","method":"GET","path":"/logo.png"},"timestamp":"2025-04-14T11:45:27.327Z"}
{"level":"info","message":{"ip":"::1","method":"GET","path":"/vite.svg"},"timestamp":"2025-04-14T11:45:27.599Z"}
{"level":"info","message":{"ip":"::1","method":"POST","path":"/api/users/auth/login"},"timestamp":"2025-04-14T11:45:37.331Z"}
{"level":"info","message":{"ip":"::1","method":"GET","path":"/"},"timestamp":"2025-04-14T11:45:37.787Z"}
{"level":"info","message":{"ip":"::1","method":"GET","path":"/cover2.jpg"},"timestamp":"2025-04-14T11:45:37.790Z"}
{"level":"info","message":{"ip":"::1","method":"GET","path":"/assets/index-CEfqc2ke.js"},"timestamp":"2025-04-14T11:45:37.877Z"}
{"level":"info","message":{"ip":"::1","method":"GET","path":"/assets/index-CBmKcVbq.css"},"timestamp":"2025-04-14T11:45:37.880Z"}
{"level":"info","message":{"ip":"::1","method":"GET","path":"/logo.png"},"timestamp":"2025-04-14T11:45:37.984Z"}
{"level":"info","message":{"ip":"::1","method":"GET","path":"/cover2.jpg"},"timestamp":"2025-04-14T11:45:37.991Z"}
{"level":"info","message":{"ip":"::1","method":"GET","path":"/vite.svg"},"timestamp":"2025-04-14T11:45:38.728Z"}
{"level":"info","message":{"ip":"::1","method":"GET","path":"/sign-in"},"timestamp":"2025-04-14T11:45:46.058Z"}
{"level":"info","message":{"ip":"::1","method":"GET","path":"/assets/index-CEfqc2ke.js"},"timestamp":"2025-04-14T11:45:46.111Z"}
{"level":"info","message":{"ip":"::1","method":"GET","path":"/assets/index-CBmKcVbq.css"},"timestamp":"2025-04-14T11:45:46.117Z"}
{"level":"info","message":{"ip":"::1","method":"GET","path":"/logo.png"},"timestamp":"2025-04-14T11:45:46.215Z"}
{"level":"info","message":{"ip":"::1","method":"GET","path":"/vite.svg"},"timestamp":"2025-04-14T11:45:46.287Z"}
{"level":"info","message":{"ip":"::1","method":"GET","path":"/sign-in"},"timestamp":"2025-04-14T11:49:23.018Z"}
{"level":"info","message":{"ip":"::1","method":"GET","path":"/assets/index-CEfqc2ke.js"},"timestamp":"2025-04-14T11:49:23.092Z"}
{"level":"info","message":{"ip":"::1","method":"GET","path":"/assets/index-CBmKcVbq.css"},"timestamp":"2025-04-14T11:49:23.100Z"}
{"level":"info","message":{"ip":"::1","method":"GET","path":"/logo.png"},"timestamp":"2025-04-14T11:49:23.145Z"}
{"level":"info","message":{"ip":"::1","method":"GET","path":"/vite.svg"},"timestamp":"2025-04-14T11:49:23.681Z"}
{"level":"info","message":{"ip":"::1","method":"POST","path":"/api/users/auth/register"},"timestamp":"2025-04-14T11:49:37.223Z"}
{"level":"info","message":{"ip":"::1","method":"POST","path":"/api/users/auth/register"},"timestamp":"2025-04-14T11:50:01.080Z"}
{"level":"info","message":{"ip":"::1","method":"POST","path":"/api/users/auth/register"},"timestamp":"2025-04-14T11:50:09.052Z"}
{"level":"info","message":{"ip":"::1","method":"POST","path":"/api/users/auth/login"},"timestamp":"2025-04-14T11:50:26.842Z"}
{"level":"info","message":{"ip":"::1","method":"GET","path":"/"},"timestamp":"2025-04-14T11:50:27.323Z"}
{"level":"info","message":{"ip":"::1","method":"GET","path":"/cover2.jpg"},"timestamp":"2025-04-14T11:50:27.339Z"}
{"level":"info","message":{"ip":"::1","method":"GET","path":"/assets/index-CEfqc2ke.js"},"timestamp":"2025-04-14T11:50:27.356Z"}
{"level":"info","message":{"ip":"::1","method":"GET","path":"/assets/index-CBmKcVbq.css"},"timestamp":"2025-04-14T11:50:27.362Z"}
{"level":"info","message":{"ip":"::1","method":"GET","path":"/logo.png"},"timestamp":"2025-04-14T11:50:27.404Z"}
{"level":"info","message":{"ip":"::1","method":"GET","path":"/cover2.jpg"},"timestamp":"2025-04-14T11:50:27.460Z"}
{"level":"info","message":{"ip":"::1","method":"GET","path":"/vite.svg"},"timestamp":"2025-04-14T11:50:27.851Z"}
{"level":"info","message":{"ip":"::1","method":"GET","path":"/user1.png"},"timestamp":"2025-04-14T11:50:32.326Z"}
{"level":"info","message":{"ip":"::1","method":"GET","path":"/sign-in"},"timestamp":"2025-04-14T11:53:09.094Z"}
{"level":"info","message":{"ip":"::1","method":"GET","path":"/assets/index-CEfqc2ke.js"},"timestamp":"2025-04-14T11:53:09.157Z"}
{"level":"info","message":{"ip":"::1","method":"GET","path":"/assets/index-CBmKcVbq.css"},"timestamp":"2025-04-14T11:53:09.161Z"}
{"level":"info","message":{"ip":"::1","method":"GET","path":"/logo.png"},"timestamp":"2025-04-14T11:53:09.247Z"}
{"level":"info","message":{"ip":"::1","method":"GET","path":"/vite.svg"},"timestamp":"2025-04-14T11:53:09.717Z"}
{"level":"info","message":{"ip":"::1","method":"GET","path":"/sign-in"},"timestamp":"2025-04-14T11:58:03.738Z"}
{"level":"info","message":{"ip":"::1","method":"GET","path":"/assets/index-CEfqc2ke.js"},"timestamp":"2025-04-14T11:58:03.800Z"}
{"level":"info","message":{"ip":"::1","method":"GET","path":"/assets/index-CBmKcVbq.css"},"timestamp":"2025-04-14T11:58:03.807Z"}
{"level":"info","message":{"ip":"::1","method":"GET","path":"/logo.png"},"timestamp":"2025-04-14T11:58:03.902Z"}
{"level":"info","message":{"ip":"::1","method":"GET","path":"/vite.svg"},"timestamp":"2025-04-14T11:58:04.566Z"}
{"level":"info","message":{"ip":"::1","method":"GET","path":"/sign-in"},"timestamp":"2025-04-14T11:58:08.136Z"}
{"level":"info","message":{"ip":"::1","method":"GET","path":"/assets/index-CEfqc2ke.js"},"timestamp":"2025-04-14T11:58:08.174Z"}
{"level":"info","message":{"ip":"::1","method":"GET","path":"/assets/index-CBmKcVbq.css"},"timestamp":"2025-04-14T11:58:08.178Z"}
{"level":"info","message":{"ip":"::1","method":"GET","path":"/logo.png"},"timestamp":"2025-04-14T11:58:08.251Z"}
{"level":"info","message":{"ip":"::1","method":"GET","path":"/vite.svg"},"timestamp":"2025-04-14T11:58:08.644Z"}
{"level":"info","message":{"ip":"::1","method":"GET","path":"/"},"timestamp":"2025-04-14T11:58:15.500Z"}
{"level":"info","message":{"ip":"::1","method":"GET","path":"/assets/index-CEfqc2ke.js"},"timestamp":"2025-04-14T11:58:15.550Z"}
{"level":"info","message":{"ip":"::1","method":"GET","path":"/assets/index-CBmKcVbq.css"},"timestamp":"2025-04-14T11:58:15.553Z"}
{"level":"info","message":{"ip":"::1","method":"GET","path":"/logo.png"},"timestamp":"2025-04-14T11:58:15.621Z"}
{"level":"info","message":{"ip":"::1","method":"GET","path":"/cover2.jpg"},"timestamp":"2025-04-14T11:58:15.699Z"}
{"level":"info","message":{"ip":"::1","method":"GET","path":"/sign-up"},"timestamp":"2025-04-14T11:58:32.520Z"}
{"level":"info","message":{"ip":"::1","method":"GET","path":"/assets/index-CEfqc2ke.js"},"timestamp":"2025-04-14T11:58:32.568Z"}
{"level":"info","message":{"ip":"::1","method":"GET","path":"/assets/index-CBmKcVbq.css"},"timestamp":"2025-04-14T11:58:32.571Z"}
{"level":"info","message":{"ip":"::1","method":"GET","path":"/logo.png"},"timestamp":"2025-04-14T11:58:32.650Z"}
{"level":"info","message":{"ip":"::1","method":"GET","path":"/vite.svg"},"timestamp":"2025-04-14T11:58:32.829Z"}
{"level":"info","message":{"ip":"::1","method":"GET","path":"/sign-up"},"timestamp":"2025-04-14T11:58:33.655Z"}
{"level":"info","message":{"ip":"::1","method":"GET","path":"/assets/index-CEfqc2ke.js"},"timestamp":"2025-04-14T11:58:33.697Z"}
{"level":"info","message":{"ip":"::1","method":"GET","path":"/assets/index-CBmKcVbq.css"},"timestamp":"2025-04-14T11:58:33.700Z"}
{"level":"info","message":{"ip":"::1","method":"GET","path":"/logo.png"},"timestamp":"2025-04-14T11:58:33.771Z"}
{"level":"info","message":{"ip":"::1","method":"GET","path":"/vite.svg"},"timestamp":"2025-04-14T11:58:33.824Z"}
{"level":"info","message":{"ip":"::1","method":"GET","path":"/"},"timestamp":"2025-04-14T12:06:12.479Z"}
{"level":"info","message":{"ip":"::1","method":"GET","path":"/assets/index-DogCbboe.js"},"timestamp":"2025-04-14T12:06:12.563Z"}
{"level":"info","message":{"ip":"::1","method":"GET","path":"/assets/index-D6REqOcs.css"},"timestamp":"2025-04-14T12:06:12.568Z"}
{"level":"info","message":{"ip":"::1","method":"GET","path":"/logo.png"},"timestamp":"2025-04-14T12:06:12.926Z"}
{"level":"info","message":{"ip":"::1","method":"GET","path":"/cover2.jpg"},"timestamp":"2025-04-14T12:06:12.930Z"}
{"level":"info","message":{"ip":"::1","method":"GET","path":"/vite.svg"},"timestamp":"2025-04-14T12:06:13.751Z"}
{"level":"info","message":{"ip":"::1","method":"POST","path":"/api/users/register"},"timestamp":"2025-04-14T12:06:35.371Z"}
{"level":"info","message":{"ip":"::1","method":"POST","path":"/api/users/login"},"timestamp":"2025-04-14T12:06:50.681Z"}
{"level":"info","message":{"ip":"::1","method":"GET","path":"/sectionImage.png"},"timestamp":"2025-04-14T12:06:53.612Z"}
{"level":"info","message":{"ip":"::1","method":"GET","path":"/sign-in"},"timestamp":"2025-04-14T12:06:56.203Z"}
{"level":"info","message":{"ip":"::1","method":"GET","path":"/assets/index-DogCbboe.js"},"timestamp":"2025-04-14T12:06:56.256Z"}
{"level":"info","message":{"ip":"::1","method":"GET","path":"/assets/index-D6REqOcs.css"},"timestamp":"2025-04-14T12:06:56.259Z"}
{"level":"info","message":{"ip":"::1","method":"GET","path":"/logo.png"},"timestamp":"2025-04-14T12:06:56.312Z"}
{"level":"info","message":{"ip":"::1","method":"GET","path":"/vite.svg"},"timestamp":"2025-04-14T12:06:56.610Z"}
{"level":"info","message":{"ip":"::1","method":"GET","path":"/"},"timestamp":"2025-04-14T12:21:13.699Z"}
{"level":"info","message":{"ip":"::1","method":"GET","path":"/assets/index-C2VlrZNh.js"},"timestamp":"2025-04-14T12:21:13.761Z"}
{"level":"info","message":{"ip":"::1","method":"GET","path":"/assets/index-eWxsm-Pc.css"},"timestamp":"2025-04-14T12:21:13.764Z"}
{"level":"info","message":{"ip":"::1","method":"GET","path":"/logo.png"},"timestamp":"2025-04-14T12:21:14.659Z"}
{"level":"info","message":{"ip":"::1","method":"GET","path":"/cover2.jpg"},"timestamp":"2025-04-14T12:21:14.663Z"}
{"level":"info","message":{"ip":"::1","method":"GET","path":"/vite.svg"},"timestamp":"2025-04-14T12:21:15.616Z"}
{"level":"info","message":{"ip":"::1","method":"GET","path":"/"},"timestamp":"2025-04-14T12:21:26.595Z"}
{"level":"info","message":{"ip":"::1","method":"GET","path":"/assets/index-C2VlrZNh.js"},"timestamp":"2025-04-14T12:21:26.636Z"}
{"level":"info","message":{"ip":"::1","method":"GET","path":"/assets/index-eWxsm-Pc.css"},"timestamp":"2025-04-14T12:21:26.640Z"}
{"level":"info","message":{"ip":"::1","method":"GET","path":"/logo.png"},"timestamp":"2025-04-14T12:21:26.728Z"}
{"level":"info","message":{"ip":"::1","method":"GET","path":"/cover2.jpg"},"timestamp":"2025-04-14T12:21:26.735Z"}
{"level":"info","message":{"ip":"::1","method":"GET","path":"/vite.svg"},"timestamp":"2025-04-14T12:21:27.798Z"}
{"level":"info","message":{"ip":"::1","method":"GET","path":"/"},"timestamp":"2025-04-14T12:21:38.842Z"}
{"level":"info","message":{"ip":"::1","method":"GET","path":"/assets/index-C2VlrZNh.js"},"timestamp":"2025-04-14T12:21:38.959Z"}
{"level":"info","message":{"ip":"::1","method":"GET","path":"/assets/index-eWxsm-Pc.css"},"timestamp":"2025-04-14T12:21:38.966Z"}
{"level":"info","message":{"ip":"::1","method":"GET","path":"/logo.png"},"timestamp":"2025-04-14T12:21:39.462Z"}
{"level":"info","message":{"ip":"::1","method":"GET","path":"/cover2.jpg"},"timestamp":"2025-04-14T12:21:39.467Z"}
{"level":"info","message":{"ip":"::1","method":"POST","path":"/api/users/register"},"timestamp":"2025-04-14T12:23:07.269Z"}
{"level":"info","message":{"ip":"::1","method":"POST","path":"/api/users/login"},"timestamp":"2025-04-14T12:23:19.864Z"}
{"level":"info","message":{"ip":"::1","method":"GET","path":"/sectionImage.png"},"timestamp":"2025-04-14T12:23:20.464Z"}
{"level":"info","message":{"ip":"::1","method":"GET","path":"/"},"timestamp":"2025-04-14T12:40:21.690Z"}
{"level":"info","message":{"ip":"::1","method":"GET","path":"/assets/index-xNQrXXdk.js"},"timestamp":"2025-04-14T12:40:21.760Z"}
{"level":"info","message":{"ip":"::1","method":"GET","path":"/assets/index-eWxsm-Pc.css"},"timestamp":"2025-04-14T12:40:21.766Z"}
{"level":"info","message":{"ip":"::1","method":"GET","path":"/"},"timestamp":"2025-04-14T12:40:27.077Z"}
{"level":"info","message":{"ip":"::1","method":"GET","path":"/assets/index-xNQrXXdk.js"},"timestamp":"2025-04-14T12:40:27.114Z"}
{"level":"info","message":{"ip":"::1","method":"GET","path":"/assets/index-eWxsm-Pc.css"},"timestamp":"2025-04-14T12:40:27.121Z"}
{"level":"info","message":{"ip":"::1","method":"GET","path":"/vite.svg"},"timestamp":"2025-04-14T12:40:27.194Z"}
{"level":"info","message":{"ip":"::1","method":"GET","path":"/"},"timestamp":"2025-04-14T12:40:27.949Z"}
{"level":"info","message":{"ip":"::1","method":"GET","path":"/assets/index-xNQrXXdk.js"},"timestamp":"2025-04-14T12:40:27.980Z"}
{"level":"info","message":{"ip":"::1","method":"GET","path":"/assets/index-eWxsm-Pc.css"},"timestamp":"2025-04-14T12:40:27.985Z"}
{"level":"info","message":{"ip":"::1","method":"GET","path":"/vite.svg"},"timestamp":"2025-04-14T12:40:28.045Z"}
{"level":"info","message":{"ip":"::1","method":"GET","path":"/"},"timestamp":"2025-04-14T12:40:34.953Z"}
{"level":"info","message":{"ip":"::1","method":"GET","path":"/assets/index-xNQrXXdk.js"},"timestamp":"2025-04-14T12:40:34.992Z"}
{"level":"info","message":{"ip":"::1","method":"GET","path":"/assets/index-eWxsm-Pc.css"},"timestamp":"2025-04-14T12:40:35.000Z"}
{"level":"info","message":{"ip":"::1","method":"GET","path":"/"},"timestamp":"2025-04-14T12:40:41.253Z"}
{"level":"info","message":{"ip":"::1","method":"GET","path":"/assets/index-xNQrXXdk.js"},"timestamp":"2025-04-14T12:40:41.285Z"}
{"level":"info","message":{"ip":"::1","method":"GET","path":"/assets/index-eWxsm-Pc.css"},"timestamp":"2025-04-14T12:40:41.295Z"}
{"level":"info","message":{"ip":"::1","method":"GET","path":"/vite.svg"},"timestamp":"2025-04-14T12:40:41.381Z"}
{"level":"info","message":{"ip":"::1","method":"GET","path":"/"},"timestamp":"2025-04-14T12:40:42.127Z"}
{"level":"info","message":{"ip":"::1","method":"GET","path":"/assets/index-xNQrXXdk.js"},"timestamp":"2025-04-14T12:40:42.151Z"}
{"level":"info","message":{"ip":"::1","method":"GET","path":"/assets/index-eWxsm-Pc.css"},"timestamp":"2025-04-14T12:40:42.154Z"}
{"level":"info","message":{"ip":"::1","method":"GET","path":"/vite.svg"},"timestamp":"2025-04-14T12:40:42.201Z"}
{"level":"info","message":{"ip":"::1","method":"GET","path":"/"},"timestamp":"2025-04-14T12:40:42.345Z"}
{"level":"info","message":{"ip":"::1","method":"GET","path":"/assets/index-xNQrXXdk.js"},"timestamp":"2025-04-14T12:40:42.374Z"}
{"level":"info","message":{"ip":"::1","method":"GET","path":"/assets/index-eWxsm-Pc.css"},"timestamp":"2025-04-14T12:40:42.383Z"}
{"level":"info","message":{"ip":"::1","method":"GET","path":"/vite.svg"},"timestamp":"2025-04-14T12:40:42.442Z"}
{"level":"info","message":{"ip":"::1","method":"GET","path":"/"},"timestamp":"2025-04-14T12:40:42.548Z"}
{"level":"info","message":{"ip":"::1","method":"GET","path":"/assets/index-xNQrXXdk.js"},"timestamp":"2025-04-14T12:40:42.569Z"}
{"level":"info","message":{"ip":"::1","method":"GET","path":"/assets/index-eWxsm-Pc.css"},"timestamp":"2025-04-14T12:40:42.570Z"}
{"level":"info","message":{"ip":"::1","method":"GET","path":"/vite.svg"},"timestamp":"2025-04-14T12:40:42.603Z"}
{"level":"info","message":{"ip":"::1","method":"GET","path":"/"},"timestamp":"2025-04-14T12:40:42.761Z"}
{"level":"info","message":{"ip":"::1","method":"GET","path":"/assets/index-xNQrXXdk.js"},"timestamp":"2025-04-14T12:40:42.777Z"}
{"level":"info","message":{"ip":"::1","method":"GET","path":"/assets/index-eWxsm-Pc.css"},"timestamp":"2025-04-14T12:40:42.780Z"}
{"level":"info","message":{"ip":"::1","method":"GET","path":"/vite.svg"},"timestamp":"2025-04-14T12:40:42.811Z"}
{"level":"info","message":{"ip":"::1","method":"GET","path":"/"},"timestamp":"2025-04-14T12:40:42.979Z"}
{"level":"info","message":{"ip":"::1","method":"GET","path":"/assets/index-xNQrXXdk.js"},"timestamp":"2025-04-14T12:40:42.999Z"}
{"level":"info","message":{"ip":"::1","method":"GET","path":"/assets/index-eWxsm-Pc.css"},"timestamp":"2025-04-14T12:40:43.002Z"}
{"level":"info","message":{"ip":"::1","method":"GET","path":"/vite.svg"},"timestamp":"2025-04-14T12:40:43.029Z"}
{"level":"info","message":{"ip":"::1","method":"GET","path":"/"},"timestamp":"2025-04-14T12:40:43.174Z"}
{"level":"info","message":{"ip":"::1","method":"GET","path":"/assets/index-xNQrXXdk.js"},"timestamp":"2025-04-14T12:40:43.190Z"}
{"level":"info","message":{"ip":"::1","method":"GET","path":"/assets/index-eWxsm-Pc.css"},"timestamp":"2025-04-14T12:40:43.193Z"}
{"level":"info","message":{"ip":"::1","method":"GET","path":"/vite.svg"},"timestamp":"2025-04-14T12:40:43.221Z"}
{"level":"info","message":{"ip":"::1","method":"GET","path":"/"},"timestamp":"2025-04-14T12:40:43.404Z"}
{"level":"info","message":{"ip":"::1","method":"GET","path":"/assets/index-xNQrXXdk.js"},"timestamp":"2025-04-14T12:40:43.425Z"}
{"level":"info","message":{"ip":"::1","method":"GET","path":"/assets/index-eWxsm-Pc.css"},"timestamp":"2025-04-14T12:40:43.427Z"}
{"level":"info","message":{"ip":"::1","method":"GET","path":"/vite.svg"},"timestamp":"2025-04-14T12:40:43.460Z"}
{"level":"info","message":{"ip":"::1","method":"GET","path":"/"},"timestamp":"2025-04-14T12:40:55.927Z"}
{"level":"info","message":{"ip":"::1","method":"GET","path":"/assets/index-xNQrXXdk.js"},"timestamp":"2025-04-14T12:40:55.957Z"}
{"level":"info","message":{"ip":"::1","method":"GET","path":"/assets/index-eWxsm-Pc.css"},"timestamp":"2025-04-14T12:40:55.963Z"}
{"level":"info","message":{"ip":"::1","method":"GET","path":"/"},"timestamp":"2025-04-14T12:41:02.692Z"}
{"level":"info","message":{"ip":"::1","method":"GET","path":"/assets/index-xNQrXXdk.js"},"timestamp":"2025-04-14T12:41:02.710Z"}
{"level":"info","message":{"ip":"::1","method":"GET","path":"/assets/index-eWxsm-Pc.css"},"timestamp":"2025-04-14T12:41:02.714Z"}
{"level":"info","message":{"ip":"::1","method":"GET","path":"/vite.svg"},"timestamp":"2025-04-14T12:41:02.785Z"}
{"level":"info","message":{"ip":"::1","method":"GET","path":"/"},"timestamp":"2025-04-14T12:41:02.887Z"}
{"level":"info","message":{"ip":"::1","method":"GET","path":"/assets/index-xNQrXXdk.js"},"timestamp":"2025-04-14T12:41:02.925Z"}
{"level":"info","message":{"ip":"::1","method":"GET","path":"/assets/index-eWxsm-Pc.css"},"timestamp":"2025-04-14T12:41:02.927Z"}
{"level":"info","message":{"ip":"::1","method":"GET","path":"/vite.svg"},"timestamp":"2025-04-14T12:41:02.965Z"}
{"level":"info","message":{"ip":"::1","method":"GET","path":"/"},"timestamp":"2025-04-14T12:41:03.075Z"}
{"level":"info","message":{"ip":"::1","method":"GET","path":"/assets/index-xNQrXXdk.js"},"timestamp":"2025-04-14T12:41:03.092Z"}
{"level":"info","message":{"ip":"::1","method":"GET","path":"/assets/index-eWxsm-Pc.css"},"timestamp":"2025-04-14T12:41:03.099Z"}
{"level":"info","message":{"ip":"::1","method":"GET","path":"/vite.svg"},"timestamp":"2025-04-14T12:41:03.127Z"}
{"level":"info","message":{"ip":"::1","method":"GET","path":"/"},"timestamp":"2025-04-14T12:41:03.279Z"}
{"level":"info","message":{"ip":"::1","method":"GET","path":"/assets/index-xNQrXXdk.js"},"timestamp":"2025-04-14T12:41:03.301Z"}
{"level":"info","message":{"ip":"::1","method":"GET","path":"/assets/index-eWxsm-Pc.css"},"timestamp":"2025-04-14T12:41:03.303Z"}
{"level":"info","message":{"ip":"::1","method":"GET","path":"/vite.svg"},"timestamp":"2025-04-14T12:41:03.352Z"}
{"level":"info","message":{"ip":"::1","method":"GET","path":"/"},"timestamp":"2025-04-14T12:41:03.470Z"}
{"level":"info","message":{"ip":"::1","method":"GET","path":"/assets/index-xNQrXXdk.js"},"timestamp":"2025-04-14T12:41:03.493Z"}
{"level":"info","message":{"ip":"::1","method":"GET","path":"/assets/index-eWxsm-Pc.css"},"timestamp":"2025-04-14T12:41:03.495Z"}
{"level":"info","message":{"ip":"::1","method":"GET","path":"/vite.svg"},"timestamp":"2025-04-14T12:41:03.534Z"}
{"level":"info","message":{"ip":"::1","method":"GET","path":"/"},"timestamp":"2025-04-14T12:41:03.669Z"}
{"level":"info","message":{"ip":"::1","method":"GET","path":"/assets/index-xNQrXXdk.js"},"timestamp":"2025-04-14T12:41:03.706Z"}
{"level":"info","message":{"ip":"::1","method":"GET","path":"/assets/index-eWxsm-Pc.css"},"timestamp":"2025-04-14T12:41:03.709Z"}
{"level":"info","message":{"ip":"::1","method":"GET","path":"/vite.svg"},"timestamp":"2025-04-14T12:41:03.754Z"}
{"level":"info","message":{"ip":"::1","method":"GET","path":"/"},"timestamp":"2025-04-14T12:41:03.859Z"}
{"level":"info","message":{"ip":"::1","method":"GET","path":"/assets/index-xNQrXXdk.js"},"timestamp":"2025-04-14T12:41:03.894Z"}
{"level":"info","message":{"ip":"::1","method":"GET","path":"/assets/index-eWxsm-Pc.css"},"timestamp":"2025-04-14T12:41:03.897Z"}
{"level":"info","message":{"ip":"::1","method":"GET","path":"/vite.svg"},"timestamp":"2025-04-14T12:41:03.947Z"}
{"level":"info","message":{"ip":"::1","method":"GET","path":"/"},"timestamp":"2025-04-14T12:41:04.056Z"}
{"level":"info","message":{"ip":"::1","method":"GET","path":"/assets/index-xNQrXXdk.js"},"timestamp":"2025-04-14T12:41:04.092Z"}
{"level":"info","message":{"ip":"::1","method":"GET","path":"/assets/index-eWxsm-Pc.css"},"timestamp":"2025-04-14T12:41:04.094Z"}
{"level":"info","message":{"ip":"::1","method":"GET","path":"/vite.svg"},"timestamp":"2025-04-14T12:41:04.153Z"}
{"level":"info","message":{"ip":"::1","method":"GET","path":"/"},"timestamp":"2025-04-14T12:41:04.252Z"}
{"level":"info","message":{"ip":"::1","method":"GET","path":"/assets/index-xNQrXXdk.js"},"timestamp":"2025-04-14T12:41:04.292Z"}
{"level":"info","message":{"ip":"::1","method":"GET","path":"/assets/index-eWxsm-Pc.css"},"timestamp":"2025-04-14T12:41:04.295Z"}
{"level":"info","message":{"ip":"::1","method":"GET","path":"/vite.svg"},"timestamp":"2025-04-14T12:41:04.341Z"}
{"level":"info","message":{"ip":"::1","method":"GET","path":"/"},"timestamp":"2025-04-14T12:41:04.451Z"}
{"level":"info","message":{"ip":"::1","method":"GET","path":"/assets/index-xNQrXXdk.js"},"timestamp":"2025-04-14T12:41:04.483Z"}
{"level":"info","message":{"ip":"::1","method":"GET","path":"/assets/index-eWxsm-Pc.css"},"timestamp":"2025-04-14T12:41:04.486Z"}
{"level":"info","message":{"ip":"::1","method":"GET","path":"/vite.svg"},"timestamp":"2025-04-14T12:41:04.528Z"}
{"level":"info","message":{"ip":"::1","method":"GET","path":"/"},"timestamp":"2025-04-14T12:41:04.644Z"}
{"level":"info","message":{"ip":"::1","method":"GET","path":"/assets/index-xNQrXXdk.js"},"timestamp":"2025-04-14T12:41:04.677Z"}
{"level":"info","message":{"ip":"::1","method":"GET","path":"/assets/index-eWxsm-Pc.css"},"timestamp":"2025-04-14T12:41:04.680Z"}
{"level":"info","message":{"ip":"::1","method":"GET","path":"/vite.svg"},"timestamp":"2025-04-14T12:41:04.719Z"}
{"level":"info","message":{"ip":"::1","method":"GET","path":"/"},"timestamp":"2025-04-14T12:41:04.821Z"}
{"level":"info","message":{"ip":"::1","method":"GET","path":"/assets/index-xNQrXXdk.js"},"timestamp":"2025-04-14T12:41:04.846Z"}
{"level":"info","message":{"ip":"::1","method":"GET","path":"/assets/index-eWxsm-Pc.css"},"timestamp":"2025-04-14T12:41:04.852Z"}
{"level":"info","message":{"ip":"::1","method":"GET","path":"/vite.svg"},"timestamp":"2025-04-14T12:41:04.884Z"}
{"level":"info","message":{"ip":"::1","method":"GET","path":"/"},"timestamp":"2025-04-14T12:41:05.049Z"}
{"level":"info","message":{"ip":"::1","method":"GET","path":"/assets/index-xNQrXXdk.js"},"timestamp":"2025-04-14T12:41:05.078Z"}
{"level":"info","message":{"ip":"::1","method":"GET","path":"/assets/index-eWxsm-Pc.css"},"timestamp":"2025-04-14T12:41:05.081Z"}
{"level":"info","message":{"ip":"::1","method":"GET","path":"/vite.svg"},"timestamp":"2025-04-14T12:41:05.120Z"}
{"level":"info","message":{"ip":"::1","method":"GET","path":"/"},"timestamp":"2025-04-14T12:41:10.774Z"}
{"level":"info","message":{"ip":"::1","method":"GET","path":"/assets/index-xNQrXXdk.js"},"timestamp":"2025-04-14T12:41:10.896Z"}
{"level":"info","message":{"ip":"::1","method":"GET","path":"/assets/index-eWxsm-Pc.css"},"timestamp":"2025-04-14T12:41:10.903Z"}
{"level":"info","message":{"ip":"::1","method":"GET","path":"/vite.svg"},"timestamp":"2025-04-14T12:41:12.078Z"}
{"level":"info","message":{"ip":"::1","method":"GET","path":"/"},"timestamp":"2025-04-14T12:43:15.876Z"}
{"level":"info","message":{"ip":"::1","method":"GET","path":"/assets/index-C_pPo94R.js"},"timestamp":"2025-04-14T12:43:15.937Z"}
{"level":"info","message":{"ip":"::1","method":"GET","path":"/assets/index-eWxsm-Pc.css"},"timestamp":"2025-04-14T12:43:15.940Z"}
{"level":"info","message":{"ip":"::1","method":"GET","path":"/vite.svg"},"timestamp":"2025-04-14T12:43:16.360Z"}
{"level":"info","message":{"ip":"::1","method":"GET","path":"/"},"timestamp":"2025-04-14T12:43:29.826Z"}
{"level":"info","message":{"ip":"::1","method":"GET","path":"/assets/index-C_pPo94R.js"},"timestamp":"2025-04-14T12:43:29.848Z"}
{"level":"info","message":{"ip":"::1","method":"GET","path":"/assets/index-eWxsm-Pc.css"},"timestamp":"2025-04-14T12:43:29.850Z"}
{"level":"info","message":{"ip":"::1","method":"GET","path":"/vite.svg"},"timestamp":"2025-04-14T12:43:29.902Z"}
{"level":"info","message":{"ip":"::1","method":"GET","path":"/"},"timestamp":"2025-04-14T12:43:30.623Z"}
{"level":"info","message":{"ip":"::1","method":"GET","path":"/assets/index-C_pPo94R.js"},"timestamp":"2025-04-14T12:43:30.661Z"}
{"level":"info","message":{"ip":"::1","method":"GET","path":"/assets/index-eWxsm-Pc.css"},"timestamp":"2025-04-14T12:43:30.664Z"}
{"level":"info","message":{"ip":"::1","method":"GET","path":"/vite.svg"},"timestamp":"2025-04-14T12:43:30.712Z"}
{"level":"info","message":{"ip":"::1","method":"GET","path":"/"},"timestamp":"2025-04-14T12:43:30.796Z"}
{"level":"info","message":{"ip":"::1","method":"GET","path":"/assets/index-C_pPo94R.js"},"timestamp":"2025-04-14T12:43:30.826Z"}
{"level":"info","message":{"ip":"::1","method":"GET","path":"/assets/index-eWxsm-Pc.css"},"timestamp":"2025-04-14T12:43:30.831Z"}
{"level":"info","message":{"ip":"::1","method":"GET","path":"/vite.svg"},"timestamp":"2025-04-14T12:43:30.882Z"}
{"level":"info","message":{"ip":"::1","method":"GET","path":"/"},"timestamp":"2025-04-14T12:43:30.980Z"}
{"level":"info","message":{"ip":"::1","method":"GET","path":"/assets/index-C_pPo94R.js"},"timestamp":"2025-04-14T12:43:30.997Z"}
{"level":"info","message":{"ip":"::1","method":"GET","path":"/assets/index-eWxsm-Pc.css"},"timestamp":"2025-04-14T12:43:30.999Z"}
{"level":"info","message":{"ip":"::1","method":"GET","path":"/vite.svg"},"timestamp":"2025-04-14T12:43:31.041Z"}
{"level":"info","message":{"ip":"::1","method":"GET","path":"/"},"timestamp":"2025-04-14T12:43:31.162Z"}
{"level":"info","message":{"ip":"::1","method":"GET","path":"/assets/index-C_pPo94R.js"},"timestamp":"2025-04-14T12:43:31.193Z"}
{"level":"info","message":{"ip":"::1","method":"GET","path":"/assets/index-eWxsm-Pc.css"},"timestamp":"2025-04-14T12:43:31.195Z"}
{"level":"info","message":{"ip":"::1","method":"GET","path":"/vite.svg"},"timestamp":"2025-04-14T12:43:31.234Z"}
{"level":"info","message":{"ip":"::1","method":"GET","path":"/"},"timestamp":"2025-04-14T12:43:31.328Z"}
{"level":"info","message":{"ip":"::1","method":"GET","path":"/assets/index-C_pPo94R.js"},"timestamp":"2025-04-14T12:43:31.349Z"}
{"level":"info","message":{"ip":"::1","method":"GET","path":"/assets/index-eWxsm-Pc.css"},"timestamp":"2025-04-14T12:43:31.350Z"}
{"level":"info","message":{"ip":"::1","method":"GET","path":"/vite.svg"},"timestamp":"2025-04-14T12:43:31.388Z"}
{"level":"info","message":{"ip":"::1","method":"GET","path":"/"},"timestamp":"2025-04-14T12:43:31.509Z"}
{"level":"info","message":{"ip":"::1","method":"GET","path":"/assets/index-C_pPo94R.js"},"timestamp":"2025-04-14T12:43:31.532Z"}
{"level":"info","message":{"ip":"::1","method":"GET","path":"/assets/index-eWxsm-Pc.css"},"timestamp":"2025-04-14T12:43:31.533Z"}
{"level":"info","message":{"ip":"::1","method":"GET","path":"/vite.svg"},"timestamp":"2025-04-14T12:43:31.572Z"}
{"level":"info","message":{"ip":"::1","method":"GET","path":"/"},"timestamp":"2025-04-14T12:43:31.705Z"}
{"level":"info","message":{"ip":"::1","method":"GET","path":"/assets/index-C_pPo94R.js"},"timestamp":"2025-04-14T12:43:31.721Z"}
{"level":"info","message":{"ip":"::1","method":"GET","path":"/assets/index-eWxsm-Pc.css"},"timestamp":"2025-04-14T12:43:31.726Z"}
{"level":"info","message":{"ip":"::1","method":"GET","path":"/vite.svg"},"timestamp":"2025-04-14T12:43:31.763Z"}
{"level":"info","message":{"ip":"::1","method":"GET","path":"/"},"timestamp":"2025-04-14T12:43:31.877Z"}
{"level":"info","message":{"ip":"::1","method":"GET","path":"/assets/index-C_pPo94R.js"},"timestamp":"2025-04-14T12:43:31.899Z"}
{"level":"info","message":{"ip":"::1","method":"GET","path":"/assets/index-eWxsm-Pc.css"},"timestamp":"2025-04-14T12:43:31.900Z"}
{"level":"info","message":{"ip":"::1","method":"GET","path":"/vite.svg"},"timestamp":"2025-04-14T12:43:31.938Z"}
{"level":"info","message":{"ip":"::1","method":"GET","path":"/"},"timestamp":"2025-04-14T12:43:32.052Z"}
{"level":"info","message":{"ip":"::1","method":"GET","path":"/assets/index-C_pPo94R.js"},"timestamp":"2025-04-14T12:43:32.072Z"}
{"level":"info","message":{"ip":"::1","method":"GET","path":"/assets/index-eWxsm-Pc.css"},"timestamp":"2025-04-14T12:43:32.074Z"}
{"level":"info","message":{"ip":"::1","method":"GET","path":"/vite.svg"},"timestamp":"2025-04-14T12:43:32.107Z"}
{"level":"info","message":{"ip":"::1","method":"GET","path":"/"},"timestamp":"2025-04-14T12:43:32.222Z"}
{"level":"info","message":{"ip":"::1","method":"GET","path":"/assets/index-C_pPo94R.js"},"timestamp":"2025-04-14T12:43:32.239Z"}
{"level":"info","message":{"ip":"::1","method":"GET","path":"/assets/index-eWxsm-Pc.css"},"timestamp":"2025-04-14T12:43:32.244Z"}
{"level":"info","message":{"ip":"::1","method":"GET","path":"/vite.svg"},"timestamp":"2025-04-14T12:43:32.276Z"}
{"level":"info","message":{"ip":"::1","method":"GET","path":"/"},"timestamp":"2025-04-14T12:43:32.441Z"}
{"level":"info","message":{"ip":"::1","method":"GET","path":"/assets/index-C_pPo94R.js"},"timestamp":"2025-04-14T12:43:32.459Z"}
{"level":"info","message":{"ip":"::1","method":"GET","path":"/assets/index-eWxsm-Pc.css"},"timestamp":"2025-04-14T12:43:32.464Z"}
{"level":"info","message":{"ip":"::1","method":"GET","path":"/vite.svg"},"timestamp":"2025-04-14T12:43:32.497Z"}
{"level":"info","message":{"ip":"::1","method":"GET","path":"/"},"timestamp":"2025-04-14T12:43:32.816Z"}
{"level":"info","message":{"ip":"::1","method":"GET","path":"/assets/index-C_pPo94R.js"},"timestamp":"2025-04-14T12:43:32.845Z"}
{"level":"info","message":{"ip":"::1","method":"GET","path":"/assets/index-eWxsm-Pc.css"},"timestamp":"2025-04-14T12:43:32.850Z"}
{"level":"info","message":{"ip":"::1","method":"GET","path":"/vite.svg"},"timestamp":"2025-04-14T12:43:32.879Z"}
{"level":"info","message":{"ip":"::1","method":"GET","path":"/"},"timestamp":"2025-04-14T12:43:33.039Z"}
{"level":"info","message":{"ip":"::1","method":"GET","path":"/assets/index-C_pPo94R.js"},"timestamp":"2025-04-14T12:43:33.054Z"}
{"level":"info","message":{"ip":"::1","method":"GET","path":"/assets/index-eWxsm-Pc.css"},"timestamp":"2025-04-14T12:43:33.056Z"}
{"level":"info","message":{"ip":"::1","method":"GET","path":"/vite.svg"},"timestamp":"2025-04-14T12:43:33.088Z"}
{"level":"info","message":{"ip":"::1","method":"GET","path":"/"},"timestamp":"2025-04-14T12:46:04.274Z"}
{"level":"info","message":{"ip":"::1","method":"GET","path":"/assets/index-C_pPo94R.js"},"timestamp":"2025-04-14T12:46:04.330Z"}
{"level":"info","message":{"ip":"::1","method":"GET","path":"/assets/index-eWxsm-Pc.css"},"timestamp":"2025-04-14T12:46:04.339Z"}
{"level":"info","message":{"ip":"::1","method":"GET","path":"/vite.svg"},"timestamp":"2025-04-14T12:46:04.504Z"}
{"level":"info","message":{"ip":"::1","method":"GET","path":"/"},"timestamp":"2025-04-14T12:46:05.888Z"}
{"level":"info","message":{"ip":"::1","method":"GET","path":"/"},"timestamp":"2025-04-14T12:46:15.943Z"}
{"level":"info","message":{"ip":"::1","method":"GET","path":"/"},"timestamp":"2025-04-14T12:46:16.705Z"}
{"level":"info","message":{"ip":"::1","method":"GET","path":"/"},"timestamp":"2025-04-14T12:46:16.896Z"}
{"level":"info","message":{"ip":"::1","method":"GET","path":"/"},"timestamp":"2025-04-14T12:46:17.079Z"}
{"level":"info","message":{"ip":"::1","method":"GET","path":"/"},"timestamp":"2025-04-14T12:46:17.252Z"}
{"level":"info","message":{"ip":"::1","method":"GET","path":"/"},"timestamp":"2025-04-14T12:46:17.431Z"}
{"level":"info","message":{"ip":"::1","method":"GET","path":"/"},"timestamp":"2025-04-14T12:46:17.608Z"}
{"level":"info","message":{"ip":"::1","method":"GET","path":"/"},"timestamp":"2025-04-14T12:46:17.836Z"}
{"level":"info","message":{"ip":"::1","method":"GET","path":"/"},"timestamp":"2025-04-14T12:48:01.102Z"}
{"level":"info","message":{"ip":"::1","method":"GET","path":"/assets/index-pP1ETVib.js"},"timestamp":"2025-04-14T12:48:01.161Z"}
{"level":"info","message":{"ip":"::1","method":"GET","path":"/logo.png"},"timestamp":"2025-04-14T12:48:02.347Z"}
{"level":"info","message":{"ip":"::1","method":"GET","path":"/cover2.jpg"},"timestamp":"2025-04-14T12:48:02.363Z"}
{"level":"info","message":{"ip":"::1","method":"GET","path":"/sign-in"},"timestamp":"2025-04-14T12:48:10.383Z"}
{"level":"info","message":{"ip":"::1","method":"GET","path":"/sign-in"},"timestamp":"2025-04-14T12:53:52.231Z"}
{"level":"info","message":{"ip":"::1","method":"GET","path":"/assets/index-CRyn-R4k.js"},"timestamp":"2025-04-14T12:53:52.337Z"}
{"level":"info","message":{"ip":"::1","method":"GET","path":"/assets/index-CzDSr78d.css"},"timestamp":"2025-04-14T12:53:52.342Z"}
{"level":"info","message":{"ip":"::ffff:127.0.0.1","method":"GET","path":"/"},"timestamp":"2025-04-14T13:03:45.169Z"}
{"level":"info","message":{"ip":"::ffff:127.0.0.1","method":"GET","path":"/assets/index-BA9C3RLx.js"},"timestamp":"2025-04-14T13:03:45.415Z"}
{"level":"info","message":{"ip":"::ffff:127.0.0.1","method":"GET","path":"/assets/index-Dhihn97m.css"},"timestamp":"2025-04-14T13:03:45.423Z"}
{"level":"info","message":{"ip":"::ffff:127.0.0.1","method":"GET","path":"/BE-Photoroom.jpg"},"timestamp":"2025-04-14T13:03:46.274Z"}
{"level":"info","message":{"ip":"::1","method":"GET","path":"/"},"timestamp":"2025-04-14T13:03:52.567Z"}
{"level":"info","message":{"ip":"::1","method":"GET","path":"/"},"timestamp":"2025-04-14T13:14:43.328Z"}
{"level":"info","message":{"ip":"::1","method":"GET","path":"/assets/index-BSrKL1u7.js"},"timestamp":"2025-04-14T13:14:43.404Z"}
{"level":"info","message":{"ip":"::1","method":"GET","path":"/assets/index-DceAep7s.css"},"timestamp":"2025-04-14T13:14:43.407Z"}
{"level":"info","message":{"ip":"::1","method":"GET","path":"/"},"timestamp":"2025-04-14T13:14:46.698Z"}
{"level":"info","message":{"ip":"::1","method":"GET","path":"/_next/webpack-hmr"},"timestamp":"2025-04-17T18:40:02.830Z"}
{"level":"info","message":{"ip":"::1","method":"GET","path":"/_next/webpack-hmr"},"timestamp":"2025-04-17T18:40:07.861Z"}
{"level":"info","message":{"ip":"::1","method":"GET","path":"/"},"timestamp":"2025-04-17T18:40:08.669Z"}
{"level":"info","message":{"ip":"::1","method":"GET","path":"/assets/index-Bp-7w-bl.js"},"timestamp":"2025-04-17T18:40:08.840Z"}
{"level":"info","message":{"ip":"::1","method":"GET","path":"/assets/index-F7awAOkr.css"},"timestamp":"2025-04-17T18:40:08.845Z"}
{"level":"info","message":{"ip":"::1","method":"GET","path":"/logo.png"},"timestamp":"2025-04-17T18:40:09.696Z"}
{"level":"info","message":{"ip":"::1","method":"GET","path":"/cover2.jpg"},"timestamp":"2025-04-17T18:40:09.700Z"}
